============================= test session starts ==============================
platform linux -- Python 3.11.14, pytest-9.0.1, pluggy-1.6.0 -- /usr/local/bin/python3
cachedir: .pytest_cache
rootdir: /home/user/flowno
configfile: pytest.ini
plugins: timeout-2.4.0
collecting ... collected 282 items / 8 deselected / 274 selected

tests/test_anonymous_nodes.py::test_orphaned_anonymous_node PASSED       [  0%]
tests/test_anonymous_nodes.py::test_mixed_anonymous_named_cycle PASSED   [  0%]
tests/test_anonymous_nodes.py::test_anonymous_multiple_outputs PASSED    [  1%]
tests/test_anonymous_nodes.py::test_anonymous_streaming PASSED           [  1%]
tests/test_anonymous_nodes.py::test_deep_anonymous_chain PASSED          [  1%]
tests/test_anonymous_nodes.py::test_anonymous_multiple_paths PASSED      [  2%]
tests/test_anonymous_nodes.py::test_anonymous_default_values PASSED      [  2%]
tests/test_anonymous_nodes.py::test_anonymous_error_propagation PASSED   [  2%]
tests/test_create_task.py::test_put_item_from_outside PASSED             [  3%]
tests/test_create_task.py::test_create_task_runs1 PASSED                 [  3%]
tests/test_create_task.py::test_create_task_runs2 PASSED                 [  4%]
tests/test_cycles.py::test_simple_cycle_1 PASSED                         [  4%]
tests/test_cycles.py::test_simple_cycle_2 PASSED                         [  4%]
tests/test_cycles.py::test_simple_cycle_3 PASSED                         [  5%]
tests/test_cycles.py::test_simple_toggle_cycle_1 PASSED                  [  5%]
tests/test_cycles.py::test_simple_toggle_cycle_2 PASSED                  [  5%]
tests/test_cycles.py::test_simple_toggle_cycle_3 PASSED                  [  6%]
tests/test_cycles.py::test_simple_toggle_false_cycle_1 PASSED            [  6%]
tests/test_cycles.py::test_simple_toggle_false_cycle_2 PASSED            [  6%]
tests/test_cycles.py::test_simple_toggle_false_cycle_3 PASSED            [  7%]
tests/test_cycles.py::test_multi_input_1 PASSED                          [  7%]
tests/test_cycles.py::test_multi_input_2 PASSED                          [  8%]
tests/test_cycles.py::test_multi_input_3 PASSED                          [  8%]
tests/test_cycles.py::test_simple_swapper_cycle_with_ident PASSED        [  8%]
tests/test_cycles.py::test_reused_classvars1 PASSED                      [  9%]
tests/test_cycles.py::test_simple_swapper_cycle_1 PASSED                 [  9%]
tests/test_cycles.py::test_simple_swapper_cycle_2 PASSED                 [  9%]
tests/test_cycles.py::test_simple_swapper_cycle_3 PASSED                 [ 10%]
tests/test_cycles.py::test_stateful_cycle0 PASSED                        [ 10%]
tests/test_cycles.py::test_stateful_cycle1 PASSED                        [ 10%]
tests/test_cycles.py::test_stateful_cycle2 PASSED                        [ 11%]
tests/test_encoding_cross_platform.py::test_headers_with_utf8_characters PASSED [ 11%]
tests/test_encoding_cross_platform.py::test_response_decode_json_uses_utf8 PASSED [ 12%]
tests/test_encoding_cross_platform.py::test_err_streaming_response_decode_json_uses_utf8 PASSED [ 12%]
tests/test_encoding_cross_platform.py::test_header_parsing_with_special_chars PASSED [ 12%]
tests/test_encoding_cross_platform.py::test_sse_event_parsing_with_utf8 PASSED [ 13%]
tests/test_event_loop.py::test_braindead PASSED                          [ 13%]
tests/test_event_loop.py::test_sleep PASSED                              [ 13%]
tests/test_event_loop.py::test_spawn PASSED                              [ 14%]
tests/test_event_loop.py::test_should_fail PASSED                        [ 14%]
tests/test_event_loop.py::test_queue PASSED                              [ 14%]
tests/test_event_loop.py::test_queue_spsc PASSED                         [ 15%]
tests/test_event_loop.py::test_queue_mpsc PASSED                         [ 15%]
tests/test_event_loop.py::test_queue_mpmc PASSED                         [ 16%]
tests/test_event_loop.py::test_httpclient_200 PASSED                     [ 16%]
tests/test_event_loop.py::test_countdown_latch PASSED                    [ 16%]
tests/test_event_loop.py::test_countdown_latch_spawn PASSED              [ 17%]
tests/test_event_loop.py::test_azip PASSED                               [ 17%]
tests/test_event_loop_exit.py::test_exit_simple PASSED                   [ 17%]
tests/test_event_loop_exit.py::test_exit_with_value PASSED               [ 18%]
tests/test_event_loop_exit.py::test_exit_with_exception PASSED           [ 18%]
tests/test_event_loop_exit.py::test_exit_with_multiple_tasks PASSED      [ 18%]
tests/test_event_loop_instrumentation.py::test_on_queue_get_instrumentation PASSED [ 19%]
tests/test_event_loop_instrumentation.py::test_on_queue_put_instrumentation PASSED [ 19%]
tests/test_event_loop_instrumentation.py::test_simple_queue_put_with_instrumentation PASSED [ 20%]
tests/test_flow.py::test_create_flow PASSED                              [ 20%]
tests/test_flow.py::test_add_nodes PASSED                                [ 20%]
tests/test_flow.py::test_connect_nodes PASSED                            [ 21%]
tests/test_flow.py::test_run_trivial_flow_explicit PASSED                [ 21%]
tests/test_flow.py::test_simple_loop PASSED                              [ 21%]
tests/test_flow.py::test_simple_flow_data_passing PASSED                 [ 22%]
tests/test_flow.py::test_simple_error_handling PASSED                    [ 22%]
tests/test_flow.py::test_force_evaluate_linear PASSED                    [ 22%]
tests/test_flow.py::test_force_evalutate_circular PASSED                 [ 23%]
tests/test_flow.py::test_condensed_tree_linear PASSED                    [ 23%]
tests/test_flow.py::test_condensed_tree_circular PASSED                  [ 24%]
tests/test_flow_event_loop.py::test_braindead PASSED                     [ 24%]
tests/test_flow_event_loop.py::test_spawn PASSED                         [ 24%]
tests/test_flow_event_loop.py::test_join PASSED                          [ 25%]
tests/test_flow_event_loop.py::test_join_return PASSED                   [ 25%]
tests/test_flow_event_loop.py::test_sleep PASSED                         [ 25%]
tests/test_flow_event_loop.py::test_socket PASSED                        [ 26%]
tests/test_flow_event_loop.py::test_read_recv PASSED                     [ 26%]
tests/test_flow_event_loop.py::test_exception_handling PASSED            [ 27%]
tests/test_flow_instrumentation.py::test_flow_start_and_end PASSED       [ 27%]
tests/test_flow_instrumentation.py::test_node_registration PASSED        [ 27%]
tests/test_flow_instrumentation.py::test_node_emitted_data PASSED        [ 28%]
tests/test_flow_instrumentation.py::test_node_lifecycle PASSED           [ 28%]
tests/test_flow_instrumentation.py::test_multiple_nodes PASSED           [ 28%]
tests/test_flow_instrumentation.py::test_get_current_flow_instrument PASSED [ 29%]
tests/test_flow_instrumentation.py::test_instrument_context_manager_nesting PASSED [ 29%]
tests/test_flow_instrumentation.py::test_no_instrumentation_doesnt_break_flow PASSED [ 29%]
tests/test_flowhdl.py::test_hdl_context_placeholders_outside_context PASSED [ 30%]
tests/test_flowhdl.py::test_hdl_finalize_trivial PASSED                  [ 30%]
tests/test_flowhdl.py::test_hdl_finalize_multiple_outputs PASSED         [ 31%]
tests/test_flowhdl.py::test_hdl_finalize_using_multiple_outputs PASSED   [ 31%]
tests/test_flowhdl.py::test_simple_cycle PASSED                          [ 31%]
tests/test_flowhdl.py::test_simple_connection PASSED                     [ 32%]
tests/test_flowhdl.py::test_out_of_order_definition PASSED               [ 32%]
tests/test_flowhdl.py::test_criss_cross_cycle PASSED                     [ 32%]
tests/test_flowhdl.py::test_anonymous_node PASSED                        [ 33%]
tests/test_flowhdl.py::test_nested_anonymous_node PASSED                 [ 33%]
tests/test_flowhdl.py::test_node_delay PASSED                            [ 33%]
tests/test_flowhdl.py::test_placeholders PASSED                          [ 34%]
tests/test_flowhdl.py::test_flow_with_tuple PASSED                       [ 34%]
tests/test_flowhdl_view_magic.py::test_set_and_get_simple_attribute PASSED [ 35%]
tests/test_flowhdl_view_magic.py::test_getattr_returns_placeholder_before_finalize PASSED [ 35%]
tests/test_flowhdl_view_magic.py::test_connect_two_nodes_out_of_order_and_finalize PASSED [ 35%]
tests/test_flowhdl_view_magic.py::test_missing_definition_raises_on_finalize PASSED [ 36%]
tests/test_flowhdl_view_magic.py::test_connect_to_non_draftnode_raises PASSED [ 36%]
tests/test_flowhdl_view_magic.py::test_unconnected_input_without_default_value_raises PASSED [ 36%]
tests/test_flowhdl_view_magic.py::test_accessing_nonexistent_node_after_finalize_raises PASSED [ 37%]
tests/test_group_varieties.py::test_multiple_consumers PASSED            [ 37%]
tests/test_group_varieties.py::test_nested_groups PASSED                 [ 37%]
tests/test_group_varieties.py::test_group_multiple_inputs PASSED         [ 38%]
tests/test_group_varieties.py::test_group_default_parameter PASSED       [ 38%]
tests/test_group_varieties.py::test_group_reference_before_definition PASSED [ 39%]
tests/test_group_varieties.py::test_group_used_in_another_group PASSED   [ 39%]
tests/test_group_varieties.py::test_group_identity_pass_through PASSED   [ 39%]
tests/test_group_varieties.py::test_group_fanout PASSED                  [ 40%]
tests/test_group_varieties.py::test_group_result_reused_multiple_times PASSED [ 40%]
tests/test_http_client.py::test_parse_url PASSED                         [ 40%]
tests/test_http_client.py::test_err_streaming_response_with_bytes PASSED [ 41%]
tests/test_http_client.py::test_err_streaming_response_with_async_iterator PASSED [ 41%]
tests/test_http_client.py::test_err_streaming_response_decode_json_with_bytes PASSED [ 41%]
tests/test_http_client.py::test_err_streaming_response_decode_json_with_async_iterator PASSED [ 42%]
tests/test_node.py::test_node PASSED                                     [ 42%]
tests/test_node.py::test_node_creation PASSED                            [ 43%]
tests/test_node.py::test_resolution_logic_with_subgens[False-gen_a0-gen_b0-deferred] PASSED [ 43%]
tests/test_node.py::test_resolution_logic_with_subgens[False-gen_a1-gen_b1-evaluated] PASSED [ 43%]
tests/test_node.py::test_resolution_logic_with_subgens[False-gen_a2-gen_b2-deferred] PASSED [ 44%]
tests/test_node.py::test_resolution_logic_with_subgens[False-gen_a3-gen_b3-deferred] PASSED [ 44%]
tests/test_node.py::test_resolution_logic_with_subgens[False-gen_a4-gen_b4-deferred] PASSED [ 44%]
tests/test_node.py::test_resolution_logic_with_subgens[False-gen_a5-gen_b5-deferred] PASSED [ 45%]
tests/test_node.py::test_resolution_logic_with_subgens[False-gen_a6-gen_b6-deferred] PASSED [ 45%]
tests/test_node.py::test_resolution_logic_with_subgens[False-gen_a7-gen_b7-deferred] PASSED [ 45%]
tests/test_node.py::test_resolution_logic_with_subgens[False-gen_a8-gen_b8-deferred] PASSED [ 46%]
tests/test_node.py::test_resolution_logic_with_subgens[False-gen_a9-gen_b9-deferred] PASSED [ 46%]
tests/test_node.py::test_resolution_logic_with_subgens[True-gen_a10-gen_b10-deferred] PASSED [ 47%]
tests/test_node.py::test_resolution_logic_with_subgens[True-gen_a11-gen_b11-evaluated] PASSED [ 47%]
tests/test_node.py::test_resolution_logic_with_subgens[True-gen_a12-gen_b12-deferred] PASSED [ 47%]
tests/test_node.py::test_resolution_logic_with_subgens[True-gen_a13-gen_b13-deferred] PASSED [ 48%]
tests/test_node.py::test_resolution_logic_with_subgens[True-gen_a14-gen_b14-evaluated] PASSED [ 48%]
tests/test_node.py::test_resolution_logic_with_subgens[True-gen_a15-gen_b15-deferred] PASSED [ 48%]
tests/test_node.py::test_resolution_logic_with_subgens[True-gen_a16-gen_b16-deferred] PASSED [ 49%]
tests/test_node.py::test_resolution_logic_with_subgens[True-gen_a17-gen_b17-deferred] PASSED [ 49%]
tests/test_node.py::test_resolution_logic_with_subgens[True-gen_a18-gen_b18-evaluated] PASSED [ 50%]
tests/test_node.py::test_resolution_logic_with_subgens[True-gen_a19-gen_b19-deferred] PASSED [ 50%]
tests/test_node.py::test_resolution_logic_with_subgens[True-gen_a20-gen_b20-evaluated] PASSED [ 50%]
tests/test_node.py::test_identity_loop_no_default PASSED                 [ 51%]
tests/test_node.py::test_cycle_breaking_no_default PASSED                [ 51%]
tests/test_node.py::test_streamed_data_generation PASSED                 [ 51%]
tests/test_node.py::test_streamed_data_generation_with_stopping_partial PASSED [ 52%]
tests/test_node.py::test_streamed_data_generation_with_stopping_partial_before_ever_finishing[stop_at_generation0] PASSED [ 52%]
tests/test_node.py::test_streamed_data_generation_with_stopping_partial_before_ever_finishing[stop_at_generation1] PASSED [ 52%]
tests/test_node.py::test_streamed_data_generation_with_stopping_partial_before_ever_finishing[stop_at_generation2] PASSED [ 53%]
tests/test_node.py::test_streamed_data_generation_all[stop_at_generation0-actual_generation0-last_data0] PASSED [ 53%]
tests/test_node.py::test_streamed_data_generation_all[stop_at_generation1-actual_generation1-last_data1] PASSED [ 54%]
tests/test_node.py::test_streamed_data_generation_all[stop_at_generation2-actual_generation2-last_data2] PASSED [ 54%]
tests/test_node.py::test_streamed_data_generation_all[stop_at_generation3-actual_generation3-last_data3] PASSED [ 54%]
tests/test_node.py::test_streamed_data_generation_all[stop_at_generation4-actual_generation4-last_data4] PASSED [ 55%]
tests/test_node.py::test_streamed_data_generation_all[stop_at_generation5-actual_generation5-last_data5] PASSED [ 55%]
tests/test_node.py::test_streamed_data_generation_all[stop_at_generation6-actual_generation6-last_data6] PASSED [ 55%]
tests/test_node.py::test_streamed_data_generation_all[stop_at_generation7-actual_generation7-last_data7] PASSED [ 56%]
tests/test_node.py::test_streamed_data_generation_all[stop_at_generation8-actual_generation8-last_data8] PASSED [ 56%]
tests/test_node.py::test_streamed_data_generation_all[stop_at_generation9-actual_generation9-last_data9] PASSED [ 56%]
tests/test_node.py::test_streamed_data_generation_all[stop_at_generation10-actual_generation10-last_data10] PASSED [ 57%]
tests/test_node.py::test_streamed_data_generation_all[stop_at_generation11-actual_generation11-last_data11] PASSED [ 57%]
tests/test_node.py::test_streamed_data_generation_all[stop_at_generation12-actual_generation12-last_data12] PASSED [ 58%]
tests/test_node.py::test_streamed_data_generation_all[stop_at_generation13-actual_generation13-last_data13] PASSED [ 58%]
tests/test_node.py::test_streamed_data_generation_all[stop_at_generation14-actual_generation14-last_data14] PASSED [ 58%]
tests/test_node.py::test_streamed_data_generation_all[stop_at_generation15-actual_generation15-last_data15] PASSED [ 59%]
tests/test_node.py::test_streamed_data_generation_all[stop_at_generation16-actual_generation16-last_data16] PASSED [ 59%]
tests/test_node.py::test_streamed_data_generation_all[stop_at_generation17-actual_generation17-last_data17] PASSED [ 59%]
tests/test_node.py::test_streamed_data_generation_all[stop_at_generation18-actual_generation18-last_data18] PASSED [ 60%]
tests/test_node_context.py::test_node_context_factory PASSED             [ 60%]
tests/test_node_context.py::test_current_node PASSED                     [ 60%]
tests/test_node_context.py::test_current_context_outside_flow PASSED     [ 61%]
tests/test_node_context.py::test_current_context_without_factory PASSED  [ 61%]
tests/test_node_context.py::test_current_context_different_factories PASSED [ 62%]
tests/test_node_context.py::test_current_context_factory_returns_node PASSED [ 62%]
tests/test_node_context.py::test_current_context_in_group PASSED         [ 62%]
tests/test_node_context.py::test_current_node_in_group PASSED            [ 63%]
tests/test_node_context.py::test_current_node_outside PASSED             [ 63%]
tests/test_node_context.py::test_concurrent_nodes_with_sleep PASSED      [ 63%]
tests/test_node_context.py::test_concurrent_nodes_different_sleep_times PASSED [ 64%]
tests/test_node_context.py::test_concurrent_nodes_no_sleep PASSED        [ 64%]
tests/test_node_generation.py::test_case_1 PASSED                        [ 64%]
tests/test_node_generation.py::test_case_2 PASSED                        [ 65%]
tests/test_node_generation.py::test_case_3 PASSED                        [ 65%]
tests/test_node_generation.py::test_case_4 PASSED                        [ 66%]
tests/test_proposed_group_syntax.py::test_triple_product_group_node PASSED [ 66%]
tests/test_proposed_group_syntax.py::test_increment_group_node PASSED    [ 66%]
tests/test_reuse_nodes.py::test_simple_swapper_cycle_with_ident PASSED   [ 67%]
tests/test_simple_group.py::test_group_expansion PASSED                  [ 67%]
tests/test_stateful_nodes.py::test_basic_stateful PASSED                 [ 67%]
tests/test_stateful_nodes.py::test_stateful_with_input PASSED            [ 68%]
tests/test_stateful_nodes.py::test_stateful_cycle0 PASSED                [ 68%]
tests/test_stateful_nodes.py::test_stateful_cycle1 PASSED                [ 68%]
tests/test_stateful_nodes.py::test_stateful_cycle2 PASSED                [ 69%]
tests/test_stateful_nodes.py::test_stateful_cycle3 PASSED                [ 69%]
tests/test_stream_cancellation.py::TestStreamCancellation::test_cancel_after_first_item PASSED [ 70%]
tests/test_stream_cancellation.py::TestStreamCancellation::test_stream_cancellation_with_mono_consumer PASSED [ 70%]
tests/test_stream_cancellation.py::TestStreamCancellation::test_stream_completes_naturally PASSED [ 70%]
tests/test_stream_cancellation.py::TestStreamCancellation::test_multiple_stream_consumers PASSED [ 71%]
tests/test_stream_cancellation.py::TestStreamCancellation::test_stream_cancellation_exception_handling PASSED [ 71%]
tests/test_stream_cancellation.py::TestStreamCancellation::test_stream_with_explicit_return_value PASSED [ 71%]
tests/test_stream_cancellation.py::TestStreamCancellation::test_stream_barrier_protection_mono_consumer PASSED [ 72%]
tests/test_stream_cancellation.py::TestStreamCancellation::test_stream_cancellation_with_multiple_yields PASSED [ 72%]
tests/test_stream_cancellation.py::TestStreamCancellation::test_stream_no_cancellation_after_completion PASSED [ 72%]
tests/test_stream_cancellation.py::TestStreamBarriers::test_barrier0_with_streaming_and_mono_consumers PASSED [ 73%]
tests/test_stream_cancellation.py::TestStreamBarriers::test_streaming_consumer_skips_barrier0_countdown PASSED [ 73%]
tests/test_stream_cancellation.py::TestStreamBarriers::test_multiple_generations_with_streaming PASSED [ 74%]
tests/test_streaming.py::test_braindead PASSED                           [ 74%]
tests/test_streaming.py::test_stream_out_simple PASSED                   [ 74%]
tests/test_streaming.py::test_no_stream PASSED                           [ 75%]
tests/test_streaming.py::test_minimum_run_levels PASSED                  [ 75%]
tests/test_streaming.py::test_streaming PASSED                           [ 75%]
tests/test_streaming.py::test_stream_ignored PASSED                      [ 76%]
tests/test_streaming.py::test_simple_stream_in_out SKIPPED (Rerunnin...) [ 76%]
tests/test_streaming.py::test_stream_one_full_generation PASSED          [ 77%]
tests/test_streaming.py::test_immediate_terminate PASSED                 [ 77%]
tests/test_streaming.py::test_short_stream PASSED                        [ 77%]
tests/test_streaming.py::test_short_stream_one_full_generation PASSED    [ 78%]
tests/test_streaming.py::test_streaming_in_and_out PASSED                [ 78%]
tests/test_streaming.py::test_streaming_cycle PASSED                     [ 78%]
tests/test_streaming.py::test_stateful_stream PASSED                     [ 79%]
tests/test_streaming.py::test_stateful_stream_in PASSED                  [ 79%]
tests/test_streaming.py::test_dummy_flow_with_log_instrumentation PASSED [ 79%]
tests/test_streaming.py::test_stream_chunking PASSED                     [ 80%]
tests/test_streaming.py::test_stream_two_consumers_fast_slow_race PASSED [ 80%]
tests/test_streaming.py::test_stream_two_consumers_both_delayed PASSED   [ 81%]
tests/test_streaming.py::test_stream_three_consumers_varied_speeds PASSED [ 81%]
tests/test_streaming.py::test_stream_multiple_chunks_delayed_consumption FAILED [ 81%]
tests/test_streaming.py::test_stream_no_delay_vs_delayed_start PASSED    [ 82%]
tests/test_streaming_cycle.py::test_cycle_1 PASSED                       [ 82%]
tests/test_streaming_cycle.py::test_cycle_stitch_nonstream_out_nonstream_in PASSED [ 82%]
tests/test_streaming_cycle.py::test_cycle_stitch_nonstream_out_stream_in SKIPPED [ 83%]
tests/test_streaming_cycle.py::test_cycle_stitch_stream_out_nonstream_in PASSED [ 83%]
tests/test_streaming_cycle.py::test_cycle_stitch_stream_out_stream_in_read_none SKIPPED [ 83%]
tests/test_streaming_cycle.py::test_cycle_stitch_stream_out_stream_in_read_all PASSED [ 84%]
tests/test_task_management.py::test_task_removal_error PASSED            [ 84%]
tests/test_toggle_cycle.py::test_streaming_cycle1_0 PASSED               [ 85%]
tests/test_toggle_cycle.py::test_streaming_cycle1_1 PASSED               [ 85%]
tests/test_toggle_cycle.py::test_streaming_cycle1_2 PASSED               [ 85%]
tests/test_toggle_cycle.py::test_streaming_cycle1_3 PASSED               [ 86%]
tests/test_toggle_cycle.py::test_streaming_cycle2_0 PASSED               [ 86%]
tests/test_toggle_cycle.py::test_streaming_cycle2_1 PASSED               [ 86%]
tests/test_toggle_cycle.py::test_streaming_cycle2_2 PASSED               [ 87%]
tests/test_toggle_cycle.py::test_streaming_cycle2_3 PASSED               [ 87%]
tests/test_toggle_cycle.py::test_streaming_cycle2_4 PASSED               [ 87%]
tests/test_toggle_cycle.py::test_streaming_cycle2_5 PASSED               [ 88%]
tests/test_utilities.py::test_coroutine_wrapper_execution PASSED         [ 88%]
tests/test_utilities.py::test_log_async_with_coroutine PASSED            [ 89%]
tests/test_utilities.py::test_log_async_awaited_values PASSED            [ 89%]
tests/test_utilities.py::test_simple_async_gen_logging PASSED            [ 89%]
tests/test_utilities.py::test_inc_generation[None-0-expected0] PASSED    [ 90%]
tests/test_utilities.py::test_inc_generation[None-1-expected1] PASSED    [ 90%]
tests/test_utilities.py::test_inc_generation[None-2-expected2] PASSED    [ 90%]
tests/test_utilities.py::test_inc_generation[gen3-0-expected3] PASSED    [ 91%]
tests/test_utilities.py::test_inc_generation[gen4-0-expected4] PASSED    [ 91%]
tests/test_utilities.py::test_inc_generation[gen5-0-expected5] PASSED    [ 91%]
tests/test_utilities.py::test_inc_generation[gen6-0-expected6] PASSED    [ 92%]
tests/test_utilities.py::test_inc_generation[gen7-1-expected7] PASSED    [ 92%]
tests/test_utilities.py::test_inc_generation[gen8-1-expected8] PASSED    [ 93%]
tests/test_utilities.py::test_inc_generation[gen9-1-expected9] PASSED    [ 93%]
tests/test_utilities.py::test_inc_generation[gen10-1-expected10] PASSED  [ 93%]
tests/test_utilities.py::test_inc_generation[gen11-2-expected11] PASSED  [ 94%]
tests/test_utilities.py::test_inc_generation[gen12-2-expected12] PASSED  [ 94%]
tests/test_utilities.py::test_inc_generation[gen13-2-expected13] PASSED  [ 94%]
tests/test_utilities.py::test_inc_generation[gen14-0-expected14] PASSED  [ 95%]
tests/test_utilities.py::test_inc_generation[gen15-1-expected15] PASSED  [ 95%]
tests/test_utilities.py::test_inc_generation[gen16-2-expected16] PASSED  [ 95%]
tests/test_utilities.py::test_clip_generation[gen0-2-expected0] PASSED   [ 96%]
tests/test_utilities.py::test_clip_generation[gen1-1-expected1] PASSED   [ 96%]
tests/test_utilities.py::test_clip_generation[gen2-0-None] PASSED        [ 97%]
tests/test_utilities.py::test_clip_generation[gen3-1-expected3] PASSED   [ 97%]
tests/test_utilities.py::test_clip_generation[gen4-0-expected4] PASSED   [ 97%]
tests/test_utilities.py::test_clip_generation[None-0-None] PASSED        [ 98%]
tests/test_utilities.py::test_clip_generation[None-1-None] PASSED        [ 98%]
tests/test_utilities.py::test_clip_generation[gen7-0-expected7] PASSED   [ 98%]
tests/test_utilities.py::test_clip_generation[gen8-1-expected8] PASSED   [ 99%]
tests/test_utilities.py::test_clip_generation[gen9-2-expected9] PASSED   [ 99%]
tests/test_utilities.py::test_clip_generation[gen10-3-expected10] PASSED [100%]

=================================== FAILURES ===================================
_______________ test_stream_multiple_chunks_delayed_consumption ________________
tests/test_streaming.py:713: in test_stream_multiple_chunks_delayed_consumption
    f.run_until_complete()
src/flowno/core/flow_hdl.py:125: in run_until_complete
    self._flow.run_until_complete(
src/flowno/core/flow/flow.py:771: in run_until_complete
    self.event_loop.run_until_complete(
src/flowno/core/event_loop/event_loop.py:622: in run_until_complete
    return_value = self._run_event_loop_core(
src/flowno/core/event_loop/event_loop.py:685: in _run_event_loop_core
    for key, _mask in sel.select(timeout):
                      ^^^^^^^^^^^^^^^^^^^
/usr/lib/python3.11/selectors.py:468: in select
    fd_event_list = self._selector.poll(timeout, max_ev)
                    ^^^^^^^^^^^^^^^^^^^^^^^^^^^^^^^^^^^^
E   Failed: Timeout (>5.0s) from pytest-timeout.
------------------------------ Captured log call -------------------------------
DEBUG    flowno.decorators.single_output:single_output.py:154 Creating node class for function: <function test_stream_multiple_chunks_delayed_consumption.<locals>.ThreeChunkSource at 0x7efb4ab6f420>, with stream_in: []
DEBUG    flowno.decorators.single_output:single_output.py:178 Final default_values: {}
DEBUG    flowno.decorators.single_output:single_output.py:217 Created node class: <class 'flowno.decorators.single_output.create_func_node_factory_single.<locals>.DynamicSimpleNode'>, _default_values: {}
DEBUG    flowno.decorators.single_output:single_output.py:154 Creating node class for function: <function test_stream_multiple_chunks_delayed_consumption.<locals>.Consumer1 at 0x7efb4ab6e520>, with stream_in: ['chunk']
DEBUG    flowno.decorators.single_output:single_output.py:176 No default for parameter index 0
DEBUG    flowno.decorators.single_output:single_output.py:178 Final default_values: {}
DEBUG    flowno.decorators.single_output:single_output.py:217 Created node class: <class 'flowno.decorators.single_output.create_func_node_factory_single.<locals>.DynamicSimpleNode'>, _default_values: {}
DEBUG    flowno.decorators.single_output:single_output.py:154 Creating node class for function: <function test_stream_multiple_chunks_delayed_consumption.<locals>.Consumer2 at 0x7efb4ab6f4c0>, with stream_in: ['chunk']
DEBUG    flowno.decorators.single_output:single_output.py:176 No default for parameter index 0
DEBUG    flowno.decorators.single_output:single_output.py:178 Final default_values: {}
DEBUG    flowno.decorators.single_output:single_output.py:217 Created node class: <class 'flowno.decorators.single_output.create_func_node_factory_single.<locals>.DynamicSimpleNode'>, _default_values: {}
DEBUG    flowno.core.node_base:node_base.py:194 Initializing ThreeChunkSource#0 with args ()
DEBUG    flowno.core.node_base:node_base.py:280 ThreeChunkSource has no _default_values, extracting from call method signature
DEBUG    flowno.core.node_base:node_base.py:286 Checking ThreeChunkSource#0 parameter *args: typing_extensions.Unpack[Ts_inner] for default value
DEBUG    flowno.core.node_base:node_base.py:194 Initializing Consumer1#0 with args (ThreeChunkSource#0,)
DEBUG    flowno.core.node_base:node_base.py:224 Initializing Consumer1#0.input(0) with arg ThreeChunkSource#0 (type=ThreeChunkSource)
INFO     flowno.core.node_base:node_base.py:986 Connecting ThreeChunkSource#0.output(0) -> Consumer1#0.input(0)
DEBUG    flowno.core.node_base:node_base.py:280 Consumer1 has no _default_values, extracting from call method signature
DEBUG    flowno.core.node_base:node_base.py:286 Checking Consumer1#0 parameter *args: typing_extensions.Unpack[Ts_inner] for default value
DEBUG    flowno.core.node_base:node_base.py:297 Initialized Consumer1#0.input(0) with connected_output=ThreeChunkSource#0.output(0), minimum_run_level=1, default_value=<class 'inspect._empty'>
DEBUG    flowno.core.node_base:node_base.py:194 Initializing Consumer2#0 with args (ThreeChunkSource#0,)
DEBUG    flowno.core.node_base:node_base.py:224 Initializing Consumer2#0.input(0) with arg ThreeChunkSource#0 (type=ThreeChunkSource)
INFO     flowno.core.node_base:node_base.py:986 Connecting ThreeChunkSource#0.output(0) -> Consumer2#0.input(0)
DEBUG    flowno.core.node_base:node_base.py:280 Consumer2 has no _default_values, extracting from call method signature
DEBUG    flowno.core.node_base:node_base.py:286 Checking Consumer2#0 parameter *args: typing_extensions.Unpack[Ts_inner] for default value
DEBUG    flowno.core.node_base:node_base.py:297 Initialized Consumer2#0.input(0) with connected_output=ThreeChunkSource#0.output(0), minimum_run_level=1, default_value=<class 'inspect._empty'>
INFO     flowno.core.flow_hdl_view:flow_hdl_view.py:144 Finalizing FlowHDL
DEBUG    flowno.utilities.logging:logging.py:161 Calling function: evaluate_node(<Flow#180>, ThreeChunkSource#0)
DEBUG    flowno.utilities.logging:logging.py:166 evaluate_node(<Flow#180>, ThreeChunkSource#0) is a coroutine
DEBUG    flowno.utilities.coroutine_wrapper:coroutine_wrapper.py:52 Resuming coroutine: evaluate_node(<Flow#180>, ThreeChunkSource#0) with send(None)
DEBUG    flowno.utilities.coroutine_wrapper:coroutine_wrapper.py:54 Coroutine evaluate_node(<Flow#180>, ThreeChunkSource#0) yielded WaitForStartNextGenerationCommand(node=ThreeChunkSource#0, run_level=0)
DEBUG    flowno.utilities.logging:logging.py:161 Calling function: evaluate_node(<Flow#180>, Consumer1#0)
DEBUG    flowno.utilities.logging:logging.py:166 evaluate_node(<Flow#180>, Consumer1#0) is a coroutine
DEBUG    flowno.utilities.coroutine_wrapper:coroutine_wrapper.py:52 Resuming coroutine: evaluate_node(<Flow#180>, Consumer1#0) with send(None)
DEBUG    flowno.utilities.coroutine_wrapper:coroutine_wrapper.py:54 Coroutine evaluate_node(<Flow#180>, Consumer1#0) yielded WaitForStartNextGenerationCommand(node=Consumer1#0, run_level=0)
DEBUG    flowno.utilities.logging:logging.py:161 Calling function: evaluate_node(<Flow#180>, Consumer2#0)
DEBUG    flowno.utilities.logging:logging.py:166 evaluate_node(<Flow#180>, Consumer2#0) is a coroutine
DEBUG    flowno.utilities.coroutine_wrapper:coroutine_wrapper.py:52 Resuming coroutine: evaluate_node(<Flow#180>, Consumer2#0) with send(None)
DEBUG    flowno.utilities.coroutine_wrapper:coroutine_wrapper.py:54 Coroutine evaluate_node(<Flow#180>, Consumer2#0) yielded WaitForStartNextGenerationCommand(node=Consumer2#0, run_level=0)
DEBUG    flowno.core.flow_hdl_view:flow_hdl_view.py:324 Finished Finalizing FlowHDL into Flow
DEBUG    flowno.utilities.logging:logging.py:161 Calling function: _node_resolve_loop(<Flow#180>, (), True)
DEBUG    flowno.utilities.logging:logging.py:166 _node_resolve_loop(<Flow#180>, (), True) is a coroutine
DEBUG    flowno.core.event_loop.event_loop:event_loop.py:230 Signal handlers installed for event loop debugging
DEBUG    flowno.utilities.coroutine_wrapper:coroutine_wrapper.py:52 Resuming coroutine: _node_resolve_loop(<Flow#180>, (), True) with send(None)
DEBUG    flowno.utilities.logging:logging.py:161 Calling function: __anext__(<AsyncQueue maxsize=None items=deque([ThreeChunkSource#0]) num_tasks_blocked_on_get=0 num_tasks_blocked_on_put=0>)
DEBUG    flowno.utilities.logging:logging.py:166 __anext__(<AsyncQueue maxsize=None items=deque([ThreeChunkSource#0]) num_tasks_blocked_on_get=0 num_tasks_blocked_on_put=0>) is a coroutine
DEBUG    flowno.utilities.coroutine_wrapper:coroutine_wrapper.py:116 Starting coroutine: __anext__(<AsyncQueue maxsize=None items=deque([ThreeChunkSource#0]) num_tasks_blocked_on_get=0 num_tasks_blocked_on_put=0>) via __await__
DEBUG    flowno.utilities.coroutine_wrapper:coroutine_wrapper.py:119 Coroutine __anext__(<AsyncQueue maxsize=None items=deque([ThreeChunkSource#0]) num_tasks_blocked_on_get=0 num_tasks_blocked_on_put=0>) completed via __await__ with result ThreeChunkSource#0
DEBUG    flowno.utilities.logging:logging.py:161 Calling function: evaluate_node(<Flow#180>, ThreeChunkSource#0)
DEBUG    flowno.utilities.logging:logging.py:166 evaluate_node(<Flow#180>, ThreeChunkSource#0) is a coroutine
DEBUG    flowno.utilities.coroutine_wrapper:coroutine_wrapper.py:52 Resuming coroutine: evaluate_node(<Flow#180>, ThreeChunkSource#0) with send(None)
DEBUG    flowno.utilities.coroutine_wrapper:coroutine_wrapper.py:54 Coroutine evaluate_node(<Flow#180>, ThreeChunkSource#0) yielded WaitForStartNextGenerationCommand(node=ThreeChunkSource#0, run_level=0)
DEBUG    flowno.utilities.coroutine_wrapper:coroutine_wrapper.py:54 Coroutine _node_resolve_loop(<Flow#180>, (), True) yielded ResumeNodeCommand(node=ThreeChunkSource#0)
DEBUG    flowno.utilities.coroutine_wrapper:coroutine_wrapper.py:52 Resuming coroutine: evaluate_node(<Flow#180>, ThreeChunkSource#0) with send(None)
DEBUG    flowno.core.flow.flow:flow.py:471 _node_gen_lifecycle loop start for ThreeChunkSource#0, cancelled_streams=set()
DEBUG    flowno.core.node_base:node_base.py:564 push_data(ThreeChunkSource#0, ('alpha',), run_level=1)
INFO     flowno.core.node_base:node_base.py:566 ThreeChunkSource#0 advanced to generation (0, 0) with data=('alpha',)
DEBUG    flowno.core.node_base:node_base.py:571 ThreeChunkSource#0.data[(0, 0)] = ('alpha',)
DEBUG    flowno.utilities.coroutine_wrapper:coroutine_wrapper.py:54 Coroutine evaluate_node(<Flow#180>, ThreeChunkSource#0) yielded QueueGetCommand(queue=<AsyncQueue maxsize=None items=deque([]) num_tasks_blocked_on_get=0 num_tasks_blocked_on_put=0>, peek=False)
DEBUG    flowno.utilities.coroutine_wrapper:coroutine_wrapper.py:52 Resuming coroutine: _node_resolve_loop(<Flow#180>, (), True) with send(None)
DEBUG    flowno.utilities.logging:logging.py:161 Calling function: __anext__(<AsyncQueue maxsize=None items=deque([Consumer1#0, Consumer2#0]) num_tasks_blocked_on_get=0 num_tasks_blocked_on_put=0>)
DEBUG    flowno.utilities.logging:logging.py:166 __anext__(<AsyncQueue maxsize=None items=deque([Consumer1#0, Consumer2#0]) num_tasks_blocked_on_get=0 num_tasks_blocked_on_put=0>) is a coroutine
DEBUG    flowno.utilities.coroutine_wrapper:coroutine_wrapper.py:116 Starting coroutine: __anext__(<AsyncQueue maxsize=None items=deque([Consumer1#0, Consumer2#0]) num_tasks_blocked_on_get=0 num_tasks_blocked_on_put=0>) via __await__
DEBUG    flowno.utilities.coroutine_wrapper:coroutine_wrapper.py:119 Coroutine __anext__(<AsyncQueue maxsize=None items=deque([Consumer1#0, Consumer2#0]) num_tasks_blocked_on_get=0 num_tasks_blocked_on_put=0>) completed via __await__ with result Consumer1#0
DEBUG    flowno.utilities.coroutine_wrapper:coroutine_wrapper.py:54 Coroutine _node_resolve_loop(<Flow#180>, (), True) yielded ResumeNodeCommand(node=Consumer1#0)
DEBUG    flowno.utilities.coroutine_wrapper:coroutine_wrapper.py:52 Resuming coroutine: evaluate_node(<Flow#180>, Consumer1#0) with send(None)
DEBUG    flowno.core.node_base:node_base.py:674 Gathering input data for Consumer1#0.input(0)
DEBUG    flowno.core.node_base:node_base.py:715 Input data for Consumer1#0.input(0): Stream(ThreeChunkSource#0.output(0)->Consumer1#0.input(0), last_consumed=None, last_consumed_parent=None, run_level=1)
DEBUG    flowno.core.node_base:node_base.py:809 calling __anext__(Stream(ThreeChunkSource#0.output(0)->Consumer1#0.input(0), last_consumed=None, last_consumed_parent=None, run_level=1))
DEBUG    flowno.core.node_base:node_base.py:891 ThreeChunkSource#0's generation is greater than last consumed, continuing
DEBUG    flowno.core.node_base:node_base.py:914 _stream_get returning 'alpha'
INFO     flowno.core.node_base:node_base.py:915 Stream Stream(ThreeChunkSource#0.output(0)->Consumer1#0.input(0), last_consumed=None, last_consumed_parent=None, run_level=1) consumed data 'alpha'
DEBUG    flowno.core.event_loop.synchronization:synchronization.py:159 counting down latch: CountdownLatch(original_count=2, remaining_counts=1)
DEBUG    flowno.utilities.coroutine_wrapper:coroutine_wrapper.py:54 Coroutine evaluate_node(<Flow#180>, Consumer1#0) yielded QueueNotifyGettersCommand(queue=<AsyncQueue maxsize=None items=deque([None]) num_tasks_blocked_on_get=1 num_tasks_blocked_on_put=0>)
DEBUG    flowno.utilities.coroutine_wrapper:coroutine_wrapper.py:52 Resuming coroutine: _node_resolve_loop(<Flow#180>, (), True) with send(None)
DEBUG    flowno.utilities.logging:logging.py:161 Calling function: __anext__(<AsyncQueue maxsize=None items=deque([Consumer2#0]) num_tasks_blocked_on_get=0 num_tasks_blocked_on_put=0>)
DEBUG    flowno.utilities.logging:logging.py:166 __anext__(<AsyncQueue maxsize=None items=deque([Consumer2#0]) num_tasks_blocked_on_get=0 num_tasks_blocked_on_put=0>) is a coroutine
DEBUG    flowno.utilities.coroutine_wrapper:coroutine_wrapper.py:116 Starting coroutine: __anext__(<AsyncQueue maxsize=None items=deque([Consumer2#0]) num_tasks_blocked_on_get=0 num_tasks_blocked_on_put=0>) via __await__
DEBUG    flowno.utilities.coroutine_wrapper:coroutine_wrapper.py:119 Coroutine __anext__(<AsyncQueue maxsize=None items=deque([Consumer2#0]) num_tasks_blocked_on_get=0 num_tasks_blocked_on_put=0>) completed via __await__ with result Consumer2#0
DEBUG    flowno.utilities.coroutine_wrapper:coroutine_wrapper.py:54 Coroutine _node_resolve_loop(<Flow#180>, (), True) yielded ResumeNodeCommand(node=Consumer2#0)
DEBUG    flowno.utilities.coroutine_wrapper:coroutine_wrapper.py:52 Resuming coroutine: evaluate_node(<Flow#180>, ThreeChunkSource#0) with send(None)
DEBUG    flowno.utilities.coroutine_wrapper:coroutine_wrapper.py:54 Coroutine evaluate_node(<Flow#180>, ThreeChunkSource#0) yielded QueueGetCommand(queue=<AsyncQueue maxsize=None items=deque([]) num_tasks_blocked_on_get=0 num_tasks_blocked_on_put=0>, peek=False)
DEBUG    flowno.utilities.coroutine_wrapper:coroutine_wrapper.py:52 Resuming coroutine: evaluate_node(<Flow#180>, Consumer1#0) with send(None)
DEBUG    flowno.utilities.coroutine_wrapper:coroutine_wrapper.py:54 Coroutine evaluate_node(<Flow#180>, Consumer1#0) yielded SleepCommand(end_time=97.903902743)
DEBUG    flowno.utilities.coroutine_wrapper:coroutine_wrapper.py:52 Resuming coroutine: evaluate_node(<Flow#180>, Consumer2#0) with send(None)
DEBUG    flowno.core.node_base:node_base.py:674 Gathering input data for Consumer2#0.input(0)
DEBUG    flowno.core.node_base:node_base.py:715 Input data for Consumer2#0.input(0): Stream(ThreeChunkSource#0.output(0)->Consumer2#0.input(0), last_consumed=None, last_consumed_parent=None, run_level=1)
DEBUG    flowno.core.node_base:node_base.py:809 calling __anext__(Stream(ThreeChunkSource#0.output(0)->Consumer2#0.input(0), last_consumed=None, last_consumed_parent=None, run_level=1))
DEBUG    flowno.core.node_base:node_base.py:891 ThreeChunkSource#0's generation is greater than last consumed, continuing
DEBUG    flowno.core.node_base:node_base.py:914 _stream_get returning 'alpha'
INFO     flowno.core.node_base:node_base.py:915 Stream Stream(ThreeChunkSource#0.output(0)->Consumer2#0.input(0), last_consumed=None, last_consumed_parent=None, run_level=1) consumed data 'alpha'
DEBUG    flowno.core.event_loop.synchronization:synchronization.py:159 counting down latch: CountdownLatch(original_count=2, remaining_counts=1)
DEBUG    flowno.utilities.coroutine_wrapper:coroutine_wrapper.py:54 Coroutine evaluate_node(<Flow#180>, Consumer2#0) yielded QueueNotifyGettersCommand(queue=<AsyncQueue maxsize=None items=deque([None]) num_tasks_blocked_on_get=1 num_tasks_blocked_on_put=0>)
DEBUG    flowno.utilities.coroutine_wrapper:coroutine_wrapper.py:52 Resuming coroutine: _node_resolve_loop(<Flow#180>, (), True) with send(None)
DEBUG    flowno.utilities.logging:logging.py:161 Calling function: __anext__(<AsyncQueue maxsize=None items=deque([]) num_tasks_blocked_on_get=0 num_tasks_blocked_on_put=0>)
DEBUG    flowno.utilities.logging:logging.py:166 __anext__(<AsyncQueue maxsize=None items=deque([]) num_tasks_blocked_on_get=0 num_tasks_blocked_on_put=0>) is a coroutine
DEBUG    flowno.utilities.coroutine_wrapper:coroutine_wrapper.py:116 Starting coroutine: __anext__(<AsyncQueue maxsize=None items=deque([]) num_tasks_blocked_on_get=0 num_tasks_blocked_on_put=0>) via __await__
DEBUG    flowno.utilities.coroutine_wrapper:coroutine_wrapper.py:54 Coroutine _node_resolve_loop(<Flow#180>, (), True) yielded QueueGetCommand(queue=<AsyncQueue maxsize=None items=deque([]) num_tasks_blocked_on_get=0 num_tasks_blocked_on_put=0>, peek=False)
DEBUG    flowno.utilities.coroutine_wrapper:coroutine_wrapper.py:52 Resuming coroutine: evaluate_node(<Flow#180>, ThreeChunkSource#0) with send(None)
DEBUG    flowno.utilities.coroutine_wrapper:coroutine_wrapper.py:54 Coroutine evaluate_node(<Flow#180>, ThreeChunkSource#0) yielded WaitForStartNextGenerationCommand(node=ThreeChunkSource#0, run_level=1)
DEBUG    flowno.utilities.coroutine_wrapper:coroutine_wrapper.py:52 Resuming coroutine: evaluate_node(<Flow#180>, Consumer2#0) with send(None)
DEBUG    flowno.utilities.coroutine_wrapper:coroutine_wrapper.py:54 Coroutine evaluate_node(<Flow#180>, Consumer2#0) yielded SleepCommand(end_time=97.92558753)
DEBUG    flowno.utilities.coroutine_wrapper:coroutine_wrapper.py:52 Resuming coroutine: evaluate_node(<Flow#180>, Consumer1#0) with send(None)
DEBUG    flowno.core.node_base:node_base.py:809 calling __anext__(Stream(ThreeChunkSource#0.output(0)->Consumer1#0.input(0), last_consumed=None, last_consumed_parent=None, run_level=1))
DEBUG    flowno.core.node_base:node_base.py:884 ThreeChunkSource#0's generation, when clipped/stitched (0, 0), is <= last consumed (0, 0), requesting new data.
INFO     flowno.core.node_base:node_base.py:840 Consumer1#0.input(0) is stalled. Requesting new data from ThreeChunkSource#0.
DEBUG    flowno.utilities.coroutine_wrapper:coroutine_wrapper.py:54 Coroutine evaluate_node(<Flow#180>, Consumer1#0) yielded StalledNodeRequestCommand(stalled_input=Consumer1#0.input(0), stalling_node=ThreeChunkSource#0)
DEBUG    flowno.utilities.coroutine_wrapper:coroutine_wrapper.py:52 Resuming coroutine: _node_resolve_loop(<Flow#180>, (), True) with send(ThreeChunkSource#0)
DEBUG    flowno.utilities.coroutine_wrapper:coroutine_wrapper.py:119 Coroutine __anext__(<AsyncQueue maxsize=None items=deque([]) num_tasks_blocked_on_get=0 num_tasks_blocked_on_put=0>) completed via __await__ with result ThreeChunkSource#0
DEBUG    flowno.utilities.coroutine_wrapper:coroutine_wrapper.py:54 Coroutine _node_resolve_loop(<Flow#180>, (), True) yielded ResumeNodeCommand(node=ThreeChunkSource#0)
DEBUG    flowno.utilities.coroutine_wrapper:coroutine_wrapper.py:52 Resuming coroutine: evaluate_node(<Flow#180>, ThreeChunkSource#0) with send(None)
DEBUG    flowno.core.flow.flow:flow.py:471 _node_gen_lifecycle loop start for ThreeChunkSource#0, cancelled_streams=set()
DEBUG    flowno.core.node_base:node_base.py:564 push_data(ThreeChunkSource#0, ('beta',), run_level=1)
INFO     flowno.core.node_base:node_base.py:566 ThreeChunkSource#0 advanced to generation (0, 1) with data=('beta',)
DEBUG    flowno.core.node_base:node_base.py:571 ThreeChunkSource#0.data[(0, 1)] = ('beta',)
DEBUG    flowno.utilities.coroutine_wrapper:coroutine_wrapper.py:54 Coroutine evaluate_node(<Flow#180>, ThreeChunkSource#0) yielded QueueGetCommand(queue=<AsyncQueue maxsize=None items=deque([]) num_tasks_blocked_on_get=0 num_tasks_blocked_on_put=0>, peek=False)
DEBUG    flowno.utilities.coroutine_wrapper:coroutine_wrapper.py:52 Resuming coroutine: _node_resolve_loop(<Flow#180>, (), True) with send(None)
DEBUG    flowno.utilities.logging:logging.py:161 Calling function: __anext__(<AsyncQueue maxsize=None items=deque([Consumer1#0, Consumer2#0]) num_tasks_blocked_on_get=0 num_tasks_blocked_on_put=0>)
DEBUG    flowno.utilities.logging:logging.py:166 __anext__(<AsyncQueue maxsize=None items=deque([Consumer1#0, Consumer2#0]) num_tasks_blocked_on_get=0 num_tasks_blocked_on_put=0>) is a coroutine
DEBUG    flowno.utilities.coroutine_wrapper:coroutine_wrapper.py:116 Starting coroutine: __anext__(<AsyncQueue maxsize=None items=deque([Consumer1#0, Consumer2#0]) num_tasks_blocked_on_get=0 num_tasks_blocked_on_put=0>) via __await__
DEBUG    flowno.utilities.coroutine_wrapper:coroutine_wrapper.py:119 Coroutine __anext__(<AsyncQueue maxsize=None items=deque([Consumer1#0, Consumer2#0]) num_tasks_blocked_on_get=0 num_tasks_blocked_on_put=0>) completed via __await__ with result Consumer1#0
DEBUG    flowno.utilities.coroutine_wrapper:coroutine_wrapper.py:54 Coroutine _node_resolve_loop(<Flow#180>, (), True) yielded ResumeNodeCommand(node=Consumer1#0)
DEBUG    flowno.utilities.coroutine_wrapper:coroutine_wrapper.py:52 Resuming coroutine: evaluate_node(<Flow#180>, Consumer1#0) with send(None)
DEBUG    flowno.core.node_base:node_base.py:891 ThreeChunkSource#0's generation is greater than last consumed, continuing
DEBUG    flowno.core.node_base:node_base.py:914 _stream_get returning 'beta'
INFO     flowno.core.node_base:node_base.py:915 Stream Stream(ThreeChunkSource#0.output(0)->Consumer1#0.input(0), last_consumed=None, last_consumed_parent=None, run_level=1) consumed data 'beta'
DEBUG    flowno.core.event_loop.synchronization:synchronization.py:159 counting down latch: CountdownLatch(original_count=2, remaining_counts=1)
DEBUG    flowno.utilities.coroutine_wrapper:coroutine_wrapper.py:54 Coroutine evaluate_node(<Flow#180>, Consumer1#0) yielded QueueNotifyGettersCommand(queue=<AsyncQueue maxsize=None items=deque([None]) num_tasks_blocked_on_get=1 num_tasks_blocked_on_put=0>)
DEBUG    flowno.utilities.coroutine_wrapper:coroutine_wrapper.py:52 Resuming coroutine: _node_resolve_loop(<Flow#180>, (), True) with send(None)
DEBUG    flowno.utilities.logging:logging.py:161 Calling function: __anext__(<AsyncQueue maxsize=None items=deque([Consumer2#0]) num_tasks_blocked_on_get=0 num_tasks_blocked_on_put=0>)
DEBUG    flowno.utilities.logging:logging.py:166 __anext__(<AsyncQueue maxsize=None items=deque([Consumer2#0]) num_tasks_blocked_on_get=0 num_tasks_blocked_on_put=0>) is a coroutine
DEBUG    flowno.utilities.coroutine_wrapper:coroutine_wrapper.py:116 Starting coroutine: __anext__(<AsyncQueue maxsize=None items=deque([Consumer2#0]) num_tasks_blocked_on_get=0 num_tasks_blocked_on_put=0>) via __await__
DEBUG    flowno.utilities.coroutine_wrapper:coroutine_wrapper.py:119 Coroutine __anext__(<AsyncQueue maxsize=None items=deque([Consumer2#0]) num_tasks_blocked_on_get=0 num_tasks_blocked_on_put=0>) completed via __await__ with result Consumer2#0
DEBUG    flowno.utilities.coroutine_wrapper:coroutine_wrapper.py:54 Coroutine _node_resolve_loop(<Flow#180>, (), True) yielded ResumeNodeCommand(node=Consumer2#0)
DEBUG    flowno.utilities.coroutine_wrapper:coroutine_wrapper.py:52 Resuming coroutine: evaluate_node(<Flow#180>, ThreeChunkSource#0) with send(None)
DEBUG    flowno.utilities.coroutine_wrapper:coroutine_wrapper.py:54 Coroutine evaluate_node(<Flow#180>, ThreeChunkSource#0) yielded QueueGetCommand(queue=<AsyncQueue maxsize=None items=deque([]) num_tasks_blocked_on_get=0 num_tasks_blocked_on_put=0>, peek=False)
DEBUG    flowno.utilities.coroutine_wrapper:coroutine_wrapper.py:52 Resuming coroutine: evaluate_node(<Flow#180>, Consumer1#0) with send(None)
DEBUG    flowno.core.node_base:node_base.py:809 calling __anext__(Stream(ThreeChunkSource#0.output(0)->Consumer1#0.input(0), last_consumed=None, last_consumed_parent=None, run_level=1))
DEBUG    flowno.core.node_base:node_base.py:884 ThreeChunkSource#0's generation, when clipped/stitched (0, 1), is <= last consumed (0, 1), requesting new data.
INFO     flowno.core.node_base:node_base.py:840 Consumer1#0.input(0) is stalled. Requesting new data from ThreeChunkSource#0.
DEBUG    flowno.utilities.coroutine_wrapper:coroutine_wrapper.py:54 Coroutine evaluate_node(<Flow#180>, Consumer1#0) yielded StalledNodeRequestCommand(stalled_input=Consumer1#0.input(0), stalling_node=ThreeChunkSource#0)
DEBUG    flowno.utilities.coroutine_wrapper:coroutine_wrapper.py:52 Resuming coroutine: _node_resolve_loop(<Flow#180>, (), True) with send(None)
DEBUG    flowno.utilities.logging:logging.py:161 Calling function: __anext__(<AsyncQueue maxsize=None items=deque([ThreeChunkSource#0]) num_tasks_blocked_on_get=0 num_tasks_blocked_on_put=0>)
DEBUG    flowno.utilities.logging:logging.py:166 __anext__(<AsyncQueue maxsize=None items=deque([ThreeChunkSource#0]) num_tasks_blocked_on_get=0 num_tasks_blocked_on_put=0>) is a coroutine
DEBUG    flowno.utilities.coroutine_wrapper:coroutine_wrapper.py:116 Starting coroutine: __anext__(<AsyncQueue maxsize=None items=deque([ThreeChunkSource#0]) num_tasks_blocked_on_get=0 num_tasks_blocked_on_put=0>) via __await__
DEBUG    flowno.utilities.coroutine_wrapper:coroutine_wrapper.py:119 Coroutine __anext__(<AsyncQueue maxsize=None items=deque([ThreeChunkSource#0]) num_tasks_blocked_on_get=0 num_tasks_blocked_on_put=0>) completed via __await__ with result ThreeChunkSource#0
DEBUG    flowno.utilities.coroutine_wrapper:coroutine_wrapper.py:54 Coroutine _node_resolve_loop(<Flow#180>, (), True) yielded ResumeNodeCommand(node=ThreeChunkSource#0)
DEBUG    flowno.utilities.coroutine_wrapper:coroutine_wrapper.py:52 Resuming coroutine: _node_resolve_loop(<Flow#180>, (), True) with send(None)
DEBUG    flowno.utilities.logging:logging.py:161 Calling function: __anext__(<AsyncQueue maxsize=None items=deque([]) num_tasks_blocked_on_get=0 num_tasks_blocked_on_put=0>)
DEBUG    flowno.utilities.logging:logging.py:166 __anext__(<AsyncQueue maxsize=None items=deque([]) num_tasks_blocked_on_get=0 num_tasks_blocked_on_put=0>) is a coroutine
DEBUG    flowno.utilities.coroutine_wrapper:coroutine_wrapper.py:116 Starting coroutine: __anext__(<AsyncQueue maxsize=None items=deque([]) num_tasks_blocked_on_get=0 num_tasks_blocked_on_put=0>) via __await__
DEBUG    flowno.utilities.coroutine_wrapper:coroutine_wrapper.py:54 Coroutine _node_resolve_loop(<Flow#180>, (), True) yielded QueueGetCommand(queue=<AsyncQueue maxsize=None items=deque([]) num_tasks_blocked_on_get=0 num_tasks_blocked_on_put=0>, peek=False)
DEBUG    flowno.utilities.coroutine_wrapper:coroutine_wrapper.py:52 Resuming coroutine: evaluate_node(<Flow#180>, Consumer2#0) with send(None)
DEBUG    flowno.core.node_base:node_base.py:809 calling __anext__(Stream(ThreeChunkSource#0.output(0)->Consumer2#0.input(0), last_consumed=None, last_consumed_parent=None, run_level=1))
DEBUG    flowno.core.node_base:node_base.py:891 ThreeChunkSource#0's generation is greater than last consumed, continuing
DEBUG    flowno.core.node_base:node_base.py:914 _stream_get returning 'beta'
INFO     flowno.core.node_base:node_base.py:915 Stream Stream(ThreeChunkSource#0.output(0)->Consumer2#0.input(0), last_consumed=None, last_consumed_parent=None, run_level=1) consumed data 'beta'
DEBUG    flowno.core.event_loop.synchronization:synchronization.py:159 counting down latch: CountdownLatch(original_count=2, remaining_counts=1)
DEBUG    flowno.utilities.coroutine_wrapper:coroutine_wrapper.py:54 Coroutine evaluate_node(<Flow#180>, Consumer2#0) yielded QueueNotifyGettersCommand(queue=<AsyncQueue maxsize=None items=deque([None]) num_tasks_blocked_on_get=1 num_tasks_blocked_on_put=0>)
DEBUG    flowno.utilities.coroutine_wrapper:coroutine_wrapper.py:52 Resuming coroutine: evaluate_node(<Flow#180>, ThreeChunkSource#0) with send(None)
DEBUG    flowno.utilities.coroutine_wrapper:coroutine_wrapper.py:54 Coroutine evaluate_node(<Flow#180>, ThreeChunkSource#0) yielded WaitForStartNextGenerationCommand(node=ThreeChunkSource#0, run_level=1)
DEBUG    flowno.utilities.coroutine_wrapper:coroutine_wrapper.py:52 Resuming coroutine: evaluate_node(<Flow#180>, Consumer2#0) with send(None)
DEBUG    flowno.utilities.coroutine_wrapper:coroutine_wrapper.py:54 Coroutine evaluate_node(<Flow#180>, Consumer2#0) yielded SleepCommand(end_time=97.956424332)
DEBUG    flowno.utilities.coroutine_wrapper:coroutine_wrapper.py:52 Resuming coroutine: evaluate_node(<Flow#180>, Consumer2#0) with send(None)
DEBUG    flowno.core.node_base:node_base.py:809 calling __anext__(Stream(ThreeChunkSource#0.output(0)->Consumer2#0.input(0), last_consumed=None, last_consumed_parent=None, run_level=1))
DEBUG    flowno.core.node_base:node_base.py:884 ThreeChunkSource#0's generation, when clipped/stitched (0, 1), is <= last consumed (0, 1), requesting new data.
INFO     flowno.core.node_base:node_base.py:840 Consumer2#0.input(0) is stalled. Requesting new data from ThreeChunkSource#0.
DEBUG    flowno.utilities.coroutine_wrapper:coroutine_wrapper.py:54 Coroutine evaluate_node(<Flow#180>, Consumer2#0) yielded StalledNodeRequestCommand(stalled_input=Consumer2#0.input(0), stalling_node=ThreeChunkSource#0)
DEBUG    flowno.utilities.coroutine_wrapper:coroutine_wrapper.py:52 Resuming coroutine: _node_resolve_loop(<Flow#180>, (), True) with send(ThreeChunkSource#0)
DEBUG    flowno.utilities.coroutine_wrapper:coroutine_wrapper.py:119 Coroutine __anext__(<AsyncQueue maxsize=None items=deque([]) num_tasks_blocked_on_get=0 num_tasks_blocked_on_put=0>) completed via __await__ with result ThreeChunkSource#0
DEBUG    flowno.utilities.coroutine_wrapper:coroutine_wrapper.py:54 Coroutine _node_resolve_loop(<Flow#180>, (), True) yielded ResumeNodeCommand(node=ThreeChunkSource#0)
DEBUG    flowno.utilities.coroutine_wrapper:coroutine_wrapper.py:52 Resuming coroutine: evaluate_node(<Flow#180>, ThreeChunkSource#0) with send(None)
DEBUG    flowno.core.flow.flow:flow.py:471 _node_gen_lifecycle loop start for ThreeChunkSource#0, cancelled_streams=set()
DEBUG    flowno.core.node_base:node_base.py:564 push_data(ThreeChunkSource#0, ('gamma',), run_level=1)
INFO     flowno.core.node_base:node_base.py:566 ThreeChunkSource#0 advanced to generation (0, 2) with data=('gamma',)
DEBUG    flowno.core.node_base:node_base.py:571 ThreeChunkSource#0.data[(0, 2)] = ('gamma',)
DEBUG    flowno.utilities.coroutine_wrapper:coroutine_wrapper.py:54 Coroutine evaluate_node(<Flow#180>, ThreeChunkSource#0) yielded QueueGetCommand(queue=<AsyncQueue maxsize=None items=deque([]) num_tasks_blocked_on_get=0 num_tasks_blocked_on_put=0>, peek=False)
DEBUG    flowno.utilities.coroutine_wrapper:coroutine_wrapper.py:52 Resuming coroutine: _node_resolve_loop(<Flow#180>, (), True) with send(None)
DEBUG    flowno.utilities.logging:logging.py:161 Calling function: __anext__(<AsyncQueue maxsize=None items=deque([Consumer1#0, Consumer2#0]) num_tasks_blocked_on_get=0 num_tasks_blocked_on_put=0>)
DEBUG    flowno.utilities.logging:logging.py:166 __anext__(<AsyncQueue maxsize=None items=deque([Consumer1#0, Consumer2#0]) num_tasks_blocked_on_get=0 num_tasks_blocked_on_put=0>) is a coroutine
DEBUG    flowno.utilities.coroutine_wrapper:coroutine_wrapper.py:116 Starting coroutine: __anext__(<AsyncQueue maxsize=None items=deque([Consumer1#0, Consumer2#0]) num_tasks_blocked_on_get=0 num_tasks_blocked_on_put=0>) via __await__
DEBUG    flowno.utilities.coroutine_wrapper:coroutine_wrapper.py:119 Coroutine __anext__(<AsyncQueue maxsize=None items=deque([Consumer1#0, Consumer2#0]) num_tasks_blocked_on_get=0 num_tasks_blocked_on_put=0>) completed via __await__ with result Consumer1#0
DEBUG    flowno.utilities.coroutine_wrapper:coroutine_wrapper.py:54 Coroutine _node_resolve_loop(<Flow#180>, (), True) yielded ResumeNodeCommand(node=Consumer1#0)
DEBUG    flowno.utilities.coroutine_wrapper:coroutine_wrapper.py:52 Resuming coroutine: evaluate_node(<Flow#180>, Consumer1#0) with send(None)
DEBUG    flowno.core.node_base:node_base.py:891 ThreeChunkSource#0's generation is greater than last consumed, continuing
DEBUG    flowno.core.node_base:node_base.py:914 _stream_get returning 'gamma'
INFO     flowno.core.node_base:node_base.py:915 Stream Stream(ThreeChunkSource#0.output(0)->Consumer1#0.input(0), last_consumed=None, last_consumed_parent=None, run_level=1) consumed data 'gamma'
DEBUG    flowno.core.event_loop.synchronization:synchronization.py:159 counting down latch: CountdownLatch(original_count=2, remaining_counts=1)
DEBUG    flowno.utilities.coroutine_wrapper:coroutine_wrapper.py:54 Coroutine evaluate_node(<Flow#180>, Consumer1#0) yielded QueueNotifyGettersCommand(queue=<AsyncQueue maxsize=None items=deque([None]) num_tasks_blocked_on_get=1 num_tasks_blocked_on_put=0>)
DEBUG    flowno.utilities.coroutine_wrapper:coroutine_wrapper.py:52 Resuming coroutine: _node_resolve_loop(<Flow#180>, (), True) with send(None)
DEBUG    flowno.utilities.logging:logging.py:161 Calling function: __anext__(<AsyncQueue maxsize=None items=deque([Consumer2#0]) num_tasks_blocked_on_get=0 num_tasks_blocked_on_put=0>)
DEBUG    flowno.utilities.logging:logging.py:166 __anext__(<AsyncQueue maxsize=None items=deque([Consumer2#0]) num_tasks_blocked_on_get=0 num_tasks_blocked_on_put=0>) is a coroutine
DEBUG    flowno.utilities.coroutine_wrapper:coroutine_wrapper.py:116 Starting coroutine: __anext__(<AsyncQueue maxsize=None items=deque([Consumer2#0]) num_tasks_blocked_on_get=0 num_tasks_blocked_on_put=0>) via __await__
DEBUG    flowno.utilities.coroutine_wrapper:coroutine_wrapper.py:119 Coroutine __anext__(<AsyncQueue maxsize=None items=deque([Consumer2#0]) num_tasks_blocked_on_get=0 num_tasks_blocked_on_put=0>) completed via __await__ with result Consumer2#0
DEBUG    flowno.utilities.coroutine_wrapper:coroutine_wrapper.py:54 Coroutine _node_resolve_loop(<Flow#180>, (), True) yielded ResumeNodeCommand(node=Consumer2#0)
DEBUG    flowno.utilities.coroutine_wrapper:coroutine_wrapper.py:52 Resuming coroutine: evaluate_node(<Flow#180>, ThreeChunkSource#0) with send(None)
DEBUG    flowno.utilities.coroutine_wrapper:coroutine_wrapper.py:54 Coroutine evaluate_node(<Flow#180>, ThreeChunkSource#0) yielded QueueGetCommand(queue=<AsyncQueue maxsize=None items=deque([]) num_tasks_blocked_on_get=0 num_tasks_blocked_on_put=0>, peek=False)
DEBUG    flowno.utilities.coroutine_wrapper:coroutine_wrapper.py:52 Resuming coroutine: evaluate_node(<Flow#180>, Consumer1#0) with send(None)
DEBUG    flowno.core.node_base:node_base.py:564 push_data(Consumer1#0, (None,), run_level=0)
INFO     flowno.core.node_base:node_base.py:566 Consumer1#0 advanced to generation (0,) with data=(None,)
DEBUG    flowno.core.node_base:node_base.py:571 Consumer1#0.data[(0,)] = (None,)
DEBUG    flowno.utilities.coroutine_wrapper:coroutine_wrapper.py:54 Coroutine evaluate_node(<Flow#180>, Consumer1#0) yielded WaitForStartNextGenerationCommand(node=Consumer1#0, run_level=0)
DEBUG    flowno.utilities.coroutine_wrapper:coroutine_wrapper.py:52 Resuming coroutine: evaluate_node(<Flow#180>, Consumer2#0) with send(None)
DEBUG    flowno.core.node_base:node_base.py:891 ThreeChunkSource#0's generation is greater than last consumed, continuing
DEBUG    flowno.core.node_base:node_base.py:914 _stream_get returning 'gamma'
INFO     flowno.core.node_base:node_base.py:915 Stream Stream(ThreeChunkSource#0.output(0)->Consumer2#0.input(0), last_consumed=None, last_consumed_parent=None, run_level=1) consumed data 'gamma'
DEBUG    flowno.core.event_loop.synchronization:synchronization.py:159 counting down latch: CountdownLatch(original_count=2, remaining_counts=1)
DEBUG    flowno.utilities.coroutine_wrapper:coroutine_wrapper.py:54 Coroutine evaluate_node(<Flow#180>, Consumer2#0) yielded QueueNotifyGettersCommand(queue=<AsyncQueue maxsize=None items=deque([None]) num_tasks_blocked_on_get=1 num_tasks_blocked_on_put=0>)
DEBUG    flowno.utilities.coroutine_wrapper:coroutine_wrapper.py:52 Resuming coroutine: _node_resolve_loop(<Flow#180>, (), True) with send(None)
DEBUG    flowno.utilities.logging:logging.py:161 Calling function: __anext__(<AsyncQueue maxsize=None items=deque([]) num_tasks_blocked_on_get=0 num_tasks_blocked_on_put=0>)
DEBUG    flowno.utilities.logging:logging.py:166 __anext__(<AsyncQueue maxsize=None items=deque([]) num_tasks_blocked_on_get=0 num_tasks_blocked_on_put=0>) is a coroutine
DEBUG    flowno.utilities.coroutine_wrapper:coroutine_wrapper.py:116 Starting coroutine: __anext__(<AsyncQueue maxsize=None items=deque([]) num_tasks_blocked_on_get=0 num_tasks_blocked_on_put=0>) via __await__
DEBUG    flowno.utilities.coroutine_wrapper:coroutine_wrapper.py:54 Coroutine _node_resolve_loop(<Flow#180>, (), True) yielded QueueGetCommand(queue=<AsyncQueue maxsize=None items=deque([]) num_tasks_blocked_on_get=0 num_tasks_blocked_on_put=0>, peek=False)
DEBUG    flowno.utilities.coroutine_wrapper:coroutine_wrapper.py:52 Resuming coroutine: evaluate_node(<Flow#180>, ThreeChunkSource#0) with send(None)
DEBUG    flowno.utilities.coroutine_wrapper:coroutine_wrapper.py:54 Coroutine evaluate_node(<Flow#180>, ThreeChunkSource#0) yielded WaitForStartNextGenerationCommand(node=ThreeChunkSource#0, run_level=1)
DEBUG    flowno.utilities.coroutine_wrapper:coroutine_wrapper.py:52 Resuming coroutine: evaluate_node(<Flow#180>, Consumer2#0) with send(None)
DEBUG    flowno.utilities.coroutine_wrapper:coroutine_wrapper.py:54 Coroutine evaluate_node(<Flow#180>, Consumer2#0) yielded SleepCommand(end_time=97.991122974)
DEBUG    flowno.utilities.coroutine_wrapper:coroutine_wrapper.py:52 Resuming coroutine: evaluate_node(<Flow#180>, Consumer2#0) with send(None)
DEBUG    flowno.core.node_base:node_base.py:809 calling __anext__(Stream(ThreeChunkSource#0.output(0)->Consumer2#0.input(0), last_consumed=None, last_consumed_parent=None, run_level=1))
DEBUG    flowno.core.node_base:node_base.py:884 ThreeChunkSource#0's generation, when clipped/stitched (0, 2), is <= last consumed (0, 2), requesting new data.
INFO     flowno.core.node_base:node_base.py:840 Consumer2#0.input(0) is stalled. Requesting new data from ThreeChunkSource#0.
DEBUG    flowno.utilities.coroutine_wrapper:coroutine_wrapper.py:54 Coroutine evaluate_node(<Flow#180>, Consumer2#0) yielded StalledNodeRequestCommand(stalled_input=Consumer2#0.input(0), stalling_node=ThreeChunkSource#0)
DEBUG    flowno.utilities.coroutine_wrapper:coroutine_wrapper.py:52 Resuming coroutine: _node_resolve_loop(<Flow#180>, (), True) with send(ThreeChunkSource#0)
DEBUG    flowno.utilities.coroutine_wrapper:coroutine_wrapper.py:119 Coroutine __anext__(<AsyncQueue maxsize=None items=deque([]) num_tasks_blocked_on_get=0 num_tasks_blocked_on_put=0>) completed via __await__ with result ThreeChunkSource#0
DEBUG    flowno.utilities.coroutine_wrapper:coroutine_wrapper.py:54 Coroutine _node_resolve_loop(<Flow#180>, (), True) yielded ResumeNodeCommand(node=ThreeChunkSource#0)
DEBUG    flowno.utilities.coroutine_wrapper:coroutine_wrapper.py:52 Resuming coroutine: evaluate_node(<Flow#180>, ThreeChunkSource#0) with send(None)
DEBUG    flowno.core.flow.flow:flow.py:471 _node_gen_lifecycle loop start for ThreeChunkSource#0, cancelled_streams=set()
DEBUG    flowno.core.node_base:node_base.py:564 push_data(ThreeChunkSource#0, ('alphabetagamma',), run_level=0)
INFO     flowno.core.node_base:node_base.py:566 ThreeChunkSource#0 advanced to generation (0,) with data=('alphabetagamma',)
DEBUG    flowno.core.node_base:node_base.py:571 ThreeChunkSource#0.data[(0,)] = ('alphabetagamma',)
DEBUG    flowno.utilities.coroutine_wrapper:coroutine_wrapper.py:54 Coroutine evaluate_node(<Flow#180>, ThreeChunkSource#0) yielded WaitForStartNextGenerationCommand(node=ThreeChunkSource#0, run_level=0)
DEBUG    flowno.utilities.coroutine_wrapper:coroutine_wrapper.py:52 Resuming coroutine: _node_resolve_loop(<Flow#180>, (), True) with send(None)
DEBUG    flowno.utilities.logging:logging.py:161 Calling function: __anext__(<AsyncQueue maxsize=None items=deque([Consumer1#0, Consumer2#0]) num_tasks_blocked_on_get=0 num_tasks_blocked_on_put=0>)
DEBUG    flowno.utilities.logging:logging.py:166 __anext__(<AsyncQueue maxsize=None items=deque([Consumer1#0, Consumer2#0]) num_tasks_blocked_on_get=0 num_tasks_blocked_on_put=0>) is a coroutine
DEBUG    flowno.utilities.coroutine_wrapper:coroutine_wrapper.py:116 Starting coroutine: __anext__(<AsyncQueue maxsize=None items=deque([Consumer1#0, Consumer2#0]) num_tasks_blocked_on_get=0 num_tasks_blocked_on_put=0>) via __await__
DEBUG    flowno.utilities.coroutine_wrapper:coroutine_wrapper.py:119 Coroutine __anext__(<AsyncQueue maxsize=None items=deque([Consumer1#0, Consumer2#0]) num_tasks_blocked_on_get=0 num_tasks_blocked_on_put=0>) completed via __await__ with result Consumer1#0
DEBUG    flowno.utilities.coroutine_wrapper:coroutine_wrapper.py:54 Coroutine _node_resolve_loop(<Flow#180>, (), True) yielded ResumeNodeCommand(node=ThreeChunkSource#0)
DEBUG    flowno.utilities.coroutine_wrapper:coroutine_wrapper.py:52 Resuming coroutine: evaluate_node(<Flow#180>, ThreeChunkSource#0) with send(None)
DEBUG    flowno.core.flow.flow:flow.py:471 _node_gen_lifecycle loop start for ThreeChunkSource#0, cancelled_streams=set()
DEBUG    flowno.core.node_base:node_base.py:564 push_data(ThreeChunkSource#0, ('alpha',), run_level=1)
INFO     flowno.core.node_base:node_base.py:566 ThreeChunkSource#0 advanced to generation (1, 0) with data=('alpha',)
DEBUG    flowno.core.node_base:node_base.py:571 ThreeChunkSource#0.data[(1, 0)] = ('alpha',)
DEBUG    flowno.utilities.coroutine_wrapper:coroutine_wrapper.py:54 Coroutine evaluate_node(<Flow#180>, ThreeChunkSource#0) yielded QueueGetCommand(queue=<AsyncQueue maxsize=None items=deque([]) num_tasks_blocked_on_get=0 num_tasks_blocked_on_put=0>, peek=False)
DEBUG    flowno.utilities.coroutine_wrapper:coroutine_wrapper.py:52 Resuming coroutine: _node_resolve_loop(<Flow#180>, (), True) with send(None)
DEBUG    flowno.utilities.logging:logging.py:161 Calling function: __anext__(<AsyncQueue maxsize=None items=deque([Consumer2#0, Consumer1#0]) num_tasks_blocked_on_get=0 num_tasks_blocked_on_put=0>)
DEBUG    flowno.utilities.logging:logging.py:166 __anext__(<AsyncQueue maxsize=None items=deque([Consumer2#0, Consumer1#0]) num_tasks_blocked_on_get=0 num_tasks_blocked_on_put=0>) is a coroutine
DEBUG    flowno.utilities.coroutine_wrapper:coroutine_wrapper.py:116 Starting coroutine: __anext__(<AsyncQueue maxsize=None items=deque([Consumer2#0, Consumer1#0]) num_tasks_blocked_on_get=0 num_tasks_blocked_on_put=0>) via __await__
DEBUG    flowno.utilities.coroutine_wrapper:coroutine_wrapper.py:119 Coroutine __anext__(<AsyncQueue maxsize=None items=deque([Consumer2#0, Consumer1#0]) num_tasks_blocked_on_get=0 num_tasks_blocked_on_put=0>) completed via __await__ with result Consumer2#0
DEBUG    flowno.utilities.coroutine_wrapper:coroutine_wrapper.py:54 Coroutine _node_resolve_loop(<Flow#180>, (), True) yielded ResumeNodeCommand(node=Consumer2#0)
DEBUG    flowno.utilities.coroutine_wrapper:coroutine_wrapper.py:52 Resuming coroutine: evaluate_node(<Flow#180>, Consumer2#0) with send(None)
DEBUG    flowno.core.node_base:node_base.py:891 ThreeChunkSource#0's generation is greater than last consumed, continuing
DEBUG    flowno.core.node_base:node_base.py:897 Parent generation changed from (0,) to (1,), stream complete
INFO     flowno.core.node_base:node_base.py:901 Stream Stream(ThreeChunkSource#0.output(0)->Consumer2#0.input(0), last_consumed=None, last_consumed_parent=None, run_level=1) is complete or restarted.
DEBUG    flowno.core.node_base:node_base.py:564 push_data(Consumer2#0, (None,), run_level=0)
INFO     flowno.core.node_base:node_base.py:566 Consumer2#0 advanced to generation (0,) with data=(None,)
DEBUG    flowno.core.node_base:node_base.py:571 Consumer2#0.data[(0,)] = (None,)
DEBUG    flowno.utilities.coroutine_wrapper:coroutine_wrapper.py:54 Coroutine evaluate_node(<Flow#180>, Consumer2#0) yielded WaitForStartNextGenerationCommand(node=Consumer2#0, run_level=0)
DEBUG    flowno.utilities.coroutine_wrapper:coroutine_wrapper.py:52 Resuming coroutine: _node_resolve_loop(<Flow#180>, (), True) with send(None)
DEBUG    flowno.utilities.logging:logging.py:161 Calling function: __anext__(<AsyncQueue maxsize=None items=deque([Consumer1#0]) num_tasks_blocked_on_get=0 num_tasks_blocked_on_put=0>)
DEBUG    flowno.utilities.logging:logging.py:166 __anext__(<AsyncQueue maxsize=None items=deque([Consumer1#0]) num_tasks_blocked_on_get=0 num_tasks_blocked_on_put=0>) is a coroutine
DEBUG    flowno.utilities.coroutine_wrapper:coroutine_wrapper.py:116 Starting coroutine: __anext__(<AsyncQueue maxsize=None items=deque([Consumer1#0]) num_tasks_blocked_on_get=0 num_tasks_blocked_on_put=0>) via __await__
DEBUG    flowno.utilities.coroutine_wrapper:coroutine_wrapper.py:119 Coroutine __anext__(<AsyncQueue maxsize=None items=deque([Consumer1#0]) num_tasks_blocked_on_get=0 num_tasks_blocked_on_put=0>) completed via __await__ with result Consumer1#0
DEBUG    flowno.utilities.coroutine_wrapper:coroutine_wrapper.py:54 Coroutine _node_resolve_loop(<Flow#180>, (), True) yielded ResumeNodeCommand(node=Consumer1#0)
DEBUG    flowno.utilities.coroutine_wrapper:coroutine_wrapper.py:52 Resuming coroutine: evaluate_node(<Flow#180>, Consumer1#0) with send(None)
DEBUG    flowno.core.node_base:node_base.py:674 Gathering input data for Consumer1#0.input(0)
DEBUG    flowno.core.node_base:node_base.py:715 Input data for Consumer1#0.input(0): Stream(ThreeChunkSource#0.output(0)->Consumer1#0.input(0), last_consumed=None, last_consumed_parent=None, run_level=1)
DEBUG    flowno.core.node_base:node_base.py:809 calling __anext__(Stream(ThreeChunkSource#0.output(0)->Consumer1#0.input(0), last_consumed=None, last_consumed_parent=None, run_level=1))
DEBUG    flowno.core.node_base:node_base.py:891 ThreeChunkSource#0's generation is greater than last consumed, continuing
DEBUG    flowno.core.node_base:node_base.py:914 _stream_get returning 'alpha'
INFO     flowno.core.node_base:node_base.py:915 Stream Stream(ThreeChunkSource#0.output(0)->Consumer1#0.input(0), last_consumed=None, last_consumed_parent=None, run_level=1) consumed data 'alpha'
DEBUG    flowno.core.event_loop.synchronization:synchronization.py:159 counting down latch: CountdownLatch(original_count=2, remaining_counts=1)
DEBUG    flowno.utilities.coroutine_wrapper:coroutine_wrapper.py:54 Coroutine evaluate_node(<Flow#180>, Consumer1#0) yielded QueueNotifyGettersCommand(queue=<AsyncQueue maxsize=None items=deque([None]) num_tasks_blocked_on_get=1 num_tasks_blocked_on_put=0>)
DEBUG    flowno.utilities.coroutine_wrapper:coroutine_wrapper.py:52 Resuming coroutine: _node_resolve_loop(<Flow#180>, (), True) with send(None)
DEBUG    flowno.utilities.logging:logging.py:161 Calling function: __anext__(<AsyncQueue maxsize=None items=deque([]) num_tasks_blocked_on_get=0 num_tasks_blocked_on_put=0>)
DEBUG    flowno.utilities.logging:logging.py:166 __anext__(<AsyncQueue maxsize=None items=deque([]) num_tasks_blocked_on_get=0 num_tasks_blocked_on_put=0>) is a coroutine
DEBUG    flowno.utilities.coroutine_wrapper:coroutine_wrapper.py:116 Starting coroutine: __anext__(<AsyncQueue maxsize=None items=deque([]) num_tasks_blocked_on_get=0 num_tasks_blocked_on_put=0>) via __await__
DEBUG    flowno.utilities.coroutine_wrapper:coroutine_wrapper.py:54 Coroutine _node_resolve_loop(<Flow#180>, (), True) yielded QueueGetCommand(queue=<AsyncQueue maxsize=None items=deque([]) num_tasks_blocked_on_get=0 num_tasks_blocked_on_put=0>, peek=False)
DEBUG    flowno.utilities.coroutine_wrapper:coroutine_wrapper.py:52 Resuming coroutine: evaluate_node(<Flow#180>, ThreeChunkSource#0) with send(None)
DEBUG    flowno.utilities.coroutine_wrapper:coroutine_wrapper.py:54 Coroutine evaluate_node(<Flow#180>, ThreeChunkSource#0) yielded QueueGetCommand(queue=<AsyncQueue maxsize=None items=deque([]) num_tasks_blocked_on_get=0 num_tasks_blocked_on_put=0>, peek=False)
DEBUG    flowno.utilities.coroutine_wrapper:coroutine_wrapper.py:52 Resuming coroutine: evaluate_node(<Flow#180>, Consumer1#0) with send(None)
DEBUG    flowno.utilities.coroutine_wrapper:coroutine_wrapper.py:54 Coroutine evaluate_node(<Flow#180>, Consumer1#0) yielded SleepCommand(end_time=98.00697542900001)
DEBUG    flowno.utilities.coroutine_wrapper:coroutine_wrapper.py:52 Resuming coroutine: evaluate_node(<Flow#180>, Consumer1#0) with send(None)
DEBUG    flowno.core.node_base:node_base.py:809 calling __anext__(Stream(ThreeChunkSource#0.output(0)->Consumer1#0.input(0), last_consumed=None, last_consumed_parent=None, run_level=1))
DEBUG    flowno.core.node_base:node_base.py:884 ThreeChunkSource#0's generation, when clipped/stitched (1, 0), is <= last consumed (1, 0), requesting new data.
INFO     flowno.core.node_base:node_base.py:840 Consumer1#0.input(0) is stalled. Requesting new data from ThreeChunkSource#0.
DEBUG    flowno.utilities.coroutine_wrapper:coroutine_wrapper.py:54 Coroutine evaluate_node(<Flow#180>, Consumer1#0) yielded StalledNodeRequestCommand(stalled_input=Consumer1#0.input(0), stalling_node=ThreeChunkSource#0)
DEBUG    flowno.utilities.coroutine_wrapper:coroutine_wrapper.py:52 Resuming coroutine: _node_resolve_loop(<Flow#180>, (), True) with send(ThreeChunkSource#0)
DEBUG    flowno.utilities.coroutine_wrapper:coroutine_wrapper.py:119 Coroutine __anext__(<AsyncQueue maxsize=None items=deque([]) num_tasks_blocked_on_get=0 num_tasks_blocked_on_put=0>) completed via __await__ with result ThreeChunkSource#0
DEBUG    flowno.utilities.coroutine_wrapper:coroutine_wrapper.py:54 Coroutine _node_resolve_loop(<Flow#180>, (), True) yielded ResumeNodeCommand(node=ThreeChunkSource#0)
DEBUG    flowno.utilities.coroutine_wrapper:coroutine_wrapper.py:52 Resuming coroutine: _node_resolve_loop(<Flow#180>, (), True) with send(None)
DEBUG    flowno.utilities.logging:logging.py:161 Calling function: __anext__(<AsyncQueue maxsize=None items=deque([]) num_tasks_blocked_on_get=0 num_tasks_blocked_on_put=0>)
DEBUG    flowno.utilities.logging:logging.py:166 __anext__(<AsyncQueue maxsize=None items=deque([]) num_tasks_blocked_on_get=0 num_tasks_blocked_on_put=0>) is a coroutine
DEBUG    flowno.utilities.coroutine_wrapper:coroutine_wrapper.py:116 Starting coroutine: __anext__(<AsyncQueue maxsize=None items=deque([]) num_tasks_blocked_on_get=0 num_tasks_blocked_on_put=0>) via __await__
DEBUG    flowno.utilities.coroutine_wrapper:coroutine_wrapper.py:54 Coroutine _node_resolve_loop(<Flow#180>, (), True) yielded QueueGetCommand(queue=<AsyncQueue maxsize=None items=deque([]) num_tasks_blocked_on_get=0 num_tasks_blocked_on_put=0>, peek=False)
DEBUG    flowno.core.event_loop.event_loop:event_loop.py:246 Signal handlers uninstalled
=============================== warnings summary ===============================
tests/test_node.py::test_streamed_data_generation_with_stopping_partial_before_ever_finishing[stop_at_generation2]
  /usr/local/lib/python3.11/dist-packages/_pytest/unraisableexception.py:67: PytestUnraisableExceptionWarning: Exception ignored in: <coroutine object Flow.evaluate_node at 0x7efb4b577120>
  
  Traceback (most recent call last):
    File "/home/user/flowno/src/flowno/core/event_loop/event_loop.py", line 622, in run_until_complete
      return_value = self._run_event_loop_core(
                     ^^^^^^^^^^^^^^^^^^^^^^^^^^
    File "/home/user/flowno/src/flowno/core/event_loop/event_loop.py", line 774, in _run_event_loop_core
      _ = self._handle_command(task_packet, command)
          ^^^^^^^^^^^^^^^^^^^^^^^^^^^^^^^^^^^^^^^^^^
    File "/home/user/flowno/src/flowno/core/flow/flow.py", line 1112, in _handle_command
      raise TerminateLimitReached()
  flowno.core.flow.flow.TerminateLimitReached
  
  During handling of the above exception, another exception occurred:
  
  Traceback (most recent call last):
    File "/usr/lib/python3.11/logging/__init__.py", line 1572, in findCaller
      next_f = f.f_back
               ^^^^^^^^
  RuntimeError: coroutine ignored GeneratorExit
  
  Enable tracemalloc to get traceback where the object was allocated.
  See https://docs.pytest.org/en/stable/how-to/capture-warnings.html#resource-warnings for more info.
    warnings.warn(pytest.PytestUnraisableExceptionWarning(msg))

tests/test_node.py::test_streamed_data_generation_with_stopping_partial_before_ever_finishing[stop_at_generation2]
  /usr/local/lib/python3.11/dist-packages/_pytest/unraisableexception.py:67: PytestUnraisableExceptionWarning: Exception ignored in: <coroutine object Flow.evaluate_node at 0x7efb4b7c6ac0>
  
  Traceback (most recent call last):
    File "/home/user/flowno/src/flowno/core/event_loop/event_loop.py", line 622, in run_until_complete
      return_value = self._run_event_loop_core(
                     ^^^^^^^^^^^^^^^^^^^^^^^^^^
    File "/home/user/flowno/src/flowno/core/event_loop/event_loop.py", line 774, in _run_event_loop_core
      _ = self._handle_command(task_packet, command)
          ^^^^^^^^^^^^^^^^^^^^^^^^^^^^^^^^^^^^^^^^^^
    File "/home/user/flowno/src/flowno/core/flow/flow.py", line 1112, in _handle_command
      raise TerminateLimitReached()
  flowno.core.flow.flow.TerminateLimitReached
  
  During handling of the above exception, another exception occurred:
  
  Traceback (most recent call last):
    File "/usr/lib/python3.11/logging/__init__.py", line 1572, in findCaller
      next_f = f.f_back
               ^^^^^^^^
  RuntimeError: coroutine ignored GeneratorExit
  
  Enable tracemalloc to get traceback where the object was allocated.
  See https://docs.pytest.org/en/stable/how-to/capture-warnings.html#resource-warnings for more info.
    warnings.warn(pytest.PytestUnraisableExceptionWarning(msg))

tests/test_node.py::test_streamed_data_generation_all[stop_at_generation4-actual_generation4-last_data4]
  /usr/local/lib/python3.11/dist-packages/_pytest/unraisableexception.py:67: PytestUnraisableExceptionWarning: Exception ignored in: <coroutine object Flow.evaluate_node at 0x7efb4b574260>
  
  Traceback (most recent call last):
    File "/usr/lib/python3.11/logging/__init__.py", line 828, in filter
      for f in self.filters:
  RuntimeError: coroutine ignored GeneratorExit
  
  Enable tracemalloc to get traceback where the object was allocated.
  See https://docs.pytest.org/en/stable/how-to/capture-warnings.html#resource-warnings for more info.
    warnings.warn(pytest.PytestUnraisableExceptionWarning(msg))

tests/test_node.py::test_streamed_data_generation_all[stop_at_generation7-actual_generation7-last_data7]
  /usr/local/lib/python3.11/dist-packages/_pytest/unraisableexception.py:67: PytestUnraisableExceptionWarning: Exception ignored in: <coroutine object Flow.evaluate_node at 0x7efb4b577670>
  
  Traceback (most recent call last):
    File "/usr/lib/python3.11/typing.py", line 376, in inner
      return cached(*args, **kwds)
             ^^^^^^^^^^^^^^^^^^^^^
  RuntimeError: coroutine ignored GeneratorExit
  
  Enable tracemalloc to get traceback where the object was allocated.
  See https://docs.pytest.org/en/stable/how-to/capture-warnings.html#resource-warnings for more info.
    warnings.warn(pytest.PytestUnraisableExceptionWarning(msg))

tests/test_node.py::test_streamed_data_generation_all[stop_at_generation7-actual_generation7-last_data7]
  /usr/local/lib/python3.11/dist-packages/_pytest/unraisableexception.py:67: PytestUnraisableExceptionWarning: Exception ignored in: <coroutine object Flow.evaluate_node at 0x7efb4b577340>
  
  Traceback (most recent call last):
    File "/usr/lib/python3.11/typing.py", line 376, in inner
      return cached(*args, **kwds)
             ^^^^^^^^^^^^^^^^^^^^^
  RuntimeError: coroutine ignored GeneratorExit
  
  Enable tracemalloc to get traceback where the object was allocated.
  See https://docs.pytest.org/en/stable/how-to/capture-warnings.html#resource-warnings for more info.
    warnings.warn(pytest.PytestUnraisableExceptionWarning(msg))

tests/test_node.py::test_streamed_data_generation_all[stop_at_generation10-actual_generation10-last_data10]
  /usr/local/lib/python3.11/dist-packages/_pytest/unraisableexception.py:67: PytestUnraisableExceptionWarning: Exception ignored in: <coroutine object Flow.evaluate_node at 0x7efb4ab08040>
  
  Traceback (most recent call last):
    File "/usr/lib/python3.11/logging/__init__.py", line 1094, in flush
      self.stream.flush()
  RuntimeError: coroutine ignored GeneratorExit
  
  Enable tracemalloc to get traceback where the object was allocated.
  See https://docs.pytest.org/en/stable/how-to/capture-warnings.html#resource-warnings for more info.
    warnings.warn(pytest.PytestUnraisableExceptionWarning(msg))

tests/test_node.py::test_streamed_data_generation_all[stop_at_generation10-actual_generation10-last_data10]
  /usr/local/lib/python3.11/dist-packages/_pytest/unraisableexception.py:67: PytestUnraisableExceptionWarning: Exception ignored in: <coroutine object Flow.evaluate_node at 0x7efb4b575580>
  
  Traceback (most recent call last):
    File "/usr/lib/python3.11/logging/__init__.py", line 1094, in flush
      self.stream.flush()
  RuntimeError: coroutine ignored GeneratorExit
  
  Enable tracemalloc to get traceback where the object was allocated.
  See https://docs.pytest.org/en/stable/how-to/capture-warnings.html#resource-warnings for more info.
    warnings.warn(pytest.PytestUnraisableExceptionWarning(msg))

tests/test_node.py::test_streamed_data_generation_all[stop_at_generation10-actual_generation10-last_data10]
  /usr/local/lib/python3.11/dist-packages/_pytest/unraisableexception.py:67: PytestUnraisableExceptionWarning: Exception ignored in: <coroutine object Flow.evaluate_node at 0x7efb4b5757a0>
  
  Traceback (most recent call last):
    File "/usr/lib/python3.11/logging/__init__.py", line 1094, in flush
      self.stream.flush()
  RuntimeError: coroutine ignored GeneratorExit
  
  Enable tracemalloc to get traceback where the object was allocated.
  See https://docs.pytest.org/en/stable/how-to/capture-warnings.html#resource-warnings for more info.
    warnings.warn(pytest.PytestUnraisableExceptionWarning(msg))

tests/test_node.py::test_streamed_data_generation_all[stop_at_generation10-actual_generation10-last_data10]
  /usr/local/lib/python3.11/dist-packages/_pytest/unraisableexception.py:67: PytestUnraisableExceptionWarning: Exception ignored in: <coroutine object Flow.evaluate_node at 0x7efb4b576df0>
  
  Traceback (most recent call last):
    File "/usr/lib/python3.11/logging/__init__.py", line 1094, in flush
      self.stream.flush()
  RuntimeError: coroutine ignored GeneratorExit
  
  Enable tracemalloc to get traceback where the object was allocated.
  See https://docs.pytest.org/en/stable/how-to/capture-warnings.html#resource-warnings for more info.
    warnings.warn(pytest.PytestUnraisableExceptionWarning(msg))

tests/test_node.py::test_streamed_data_generation_all[stop_at_generation10-actual_generation10-last_data10]
  /usr/local/lib/python3.11/dist-packages/_pytest/unraisableexception.py:67: PytestUnraisableExceptionWarning: Exception ignored in: <coroutine object Flow.evaluate_node at 0x7efb4b7c6df0>
  
  Traceback (most recent call last):
    File "/usr/lib/python3.11/logging/__init__.py", line 1094, in flush
      self.stream.flush()
  RuntimeError: coroutine ignored GeneratorExit
  
  Enable tracemalloc to get traceback where the object was allocated.
  See https://docs.pytest.org/en/stable/how-to/capture-warnings.html#resource-warnings for more info.
    warnings.warn(pytest.PytestUnraisableExceptionWarning(msg))

tests/test_node.py::test_streamed_data_generation_all[stop_at_generation12-actual_generation12-last_data12]
  /usr/local/lib/python3.11/dist-packages/_pytest/unraisableexception.py:67: PytestUnraisableExceptionWarning: Exception ignored in: <coroutine object Flow.evaluate_node at 0x7efb4b7c7890>
  
  Traceback (most recent call last):
    File "/home/user/flowno/src/flowno/core/node_base.py", line 521, in generation
      return max(self._data.keys(), key=cmp_to_key(cmp_generation), default=None)
             ^^^^^^^^^^^^^^^^^^^^^^^^^^^^^^^^^^^^^^^^^^^^^^^^^^^^^^^^^^^^^^^^^^^^
  RuntimeError: coroutine ignored GeneratorExit
  
  Enable tracemalloc to get traceback where the object was allocated.
  See https://docs.pytest.org/en/stable/how-to/capture-warnings.html#resource-warnings for more info.
    warnings.warn(pytest.PytestUnraisableExceptionWarning(msg))

tests/test_proposed_group_syntax.py::test_triple_product_group_node
  /usr/local/lib/python3.11/dist-packages/_pytest/unraisableexception.py:67: PytestUnraisableExceptionWarning: Exception ignored in: <coroutine object Flow.evaluate_node at 0x7efb4b7c7010>
  
  Traceback (most recent call last):
    File "/home/user/flowno/src/flowno/core/flow/flow.py", line 961, in _condensed_tree
      v: FinalizedNode[Unpack[tuple[object, ...]], tuple[object, ...]],
                              ~~~~~^^^^^^^^^^^^^
  RuntimeError: coroutine ignored GeneratorExit
  
  Enable tracemalloc to get traceback where the object was allocated.
  See https://docs.pytest.org/en/stable/how-to/capture-warnings.html#resource-warnings for more info.
    warnings.warn(pytest.PytestUnraisableExceptionWarning(msg))

tests/test_proposed_group_syntax.py::test_triple_product_group_node
  /usr/local/lib/python3.11/dist-packages/_pytest/unraisableexception.py:67: PytestUnraisableExceptionWarning: Exception ignored in: <coroutine object Flow.evaluate_node at 0x7efb4b7c79a0>
  
  Traceback (most recent call last):
    File "/home/user/flowno/src/flowno/core/flow/flow.py", line 961, in _condensed_tree
      v: FinalizedNode[Unpack[tuple[object, ...]], tuple[object, ...]],
                              ~~~~~^^^^^^^^^^^^^
  RuntimeError: coroutine ignored GeneratorExit
  
  Enable tracemalloc to get traceback where the object was allocated.
  See https://docs.pytest.org/en/stable/how-to/capture-warnings.html#resource-warnings for more info.
    warnings.warn(pytest.PytestUnraisableExceptionWarning(msg))

tests/test_proposed_group_syntax.py::test_triple_product_group_node
  /usr/local/lib/python3.11/dist-packages/_pytest/unraisableexception.py:67: PytestUnraisableExceptionWarning: Exception ignored in: <coroutine object Flow.evaluate_node at 0x7efb4b7c6130>
  
  Traceback (most recent call last):
    File "/home/user/flowno/src/flowno/core/flow/flow.py", line 961, in _condensed_tree
      v: FinalizedNode[Unpack[tuple[object, ...]], tuple[object, ...]],
                              ~~~~~^^^^^^^^^^^^^
  RuntimeError: coroutine ignored GeneratorExit
  
  Enable tracemalloc to get traceback where the object was allocated.
  See https://docs.pytest.org/en/stable/how-to/capture-warnings.html#resource-warnings for more info.
    warnings.warn(pytest.PytestUnraisableExceptionWarning(msg))

tests/test_toggle_cycle.py::test_streaming_cycle2_1
  /usr/local/lib/python3.11/dist-packages/_pytest/unraisableexception.py:67: PytestUnraisableExceptionWarning: Exception ignored in: <coroutine object Flow.evaluate_node at 0x7efb4ab0aac0>
  
  Traceback (most recent call last):
    File "/home/user/flowno/src/flowno/core/flow/flow.py", line 961, in _condensed_tree
      v: FinalizedNode[Unpack[tuple[object, ...]], tuple[object, ...]],
                              ~~~~~^^^^^^^^^^^^^
  RuntimeError: coroutine ignored GeneratorExit
  
  Enable tracemalloc to get traceback where the object was allocated.
  See https://docs.pytest.org/en/stable/how-to/capture-warnings.html#resource-warnings for more info.
    warnings.warn(pytest.PytestUnraisableExceptionWarning(msg))

tests/test_toggle_cycle.py::test_streaming_cycle2_1
  /usr/local/lib/python3.11/dist-packages/_pytest/unraisableexception.py:67: PytestUnraisableExceptionWarning: Exception ignored in: <coroutine object Flow.evaluate_node at 0x7efb4ab08370>
  
  Traceback (most recent call last):
    File "/home/user/flowno/src/flowno/core/flow/flow.py", line 961, in _condensed_tree
      v: FinalizedNode[Unpack[tuple[object, ...]], tuple[object, ...]],
                              ~~~~~^^^^^^^^^^^^^
  RuntimeError: coroutine ignored GeneratorExit
  
  Enable tracemalloc to get traceback where the object was allocated.
  See https://docs.pytest.org/en/stable/how-to/capture-warnings.html#resource-warnings for more info.
    warnings.warn(pytest.PytestUnraisableExceptionWarning(msg))

-- Docs: https://docs.pytest.org/en/stable/how-to/capture-warnings.html
=========================== short test summary info ============================
FAILED tests/test_streaming.py::test_stream_multiple_chunks_delayed_consumption
===== 1 failed, 270 passed, 3 skipped, 8 deselected, 16 warnings in 18.38s =====
